[2026-01-23T18:52:17Z INFO hearth::tokenizer] "struct"
[2026-01-23T18:52:17Z INFO hearth::tokenizer] tokenizing struct
[2026-01-23T18:52:17Z INFO hearth::tokenizer] adding white space
[2026-01-23T18:52:17Z INFO hearth::tokenizer] adding white space
[2026-01-23T18:52:17Z INFO hearth::tokenizer] "baz"
[2026-01-23T18:52:17Z INFO hearth::tokenizer] 38
[2026-01-23T18:52:17Z INFO hearth::tokenizer] "Bar {\n            baz: i32,\n        }"
[2026-01-23T18:52:17Z INFO hearth::tokenizer] "let baz = \"foo\";\n\n        let barf: [i32] = [1, 2, \"foo\",3];\n\n        let foo = Bar {\n        baz=1\n        };"
[2026-01-23T18:52:17Z INFO hearth::tokenizer] finished tokenizing struct
[2026-01-23T18:52:17Z INFO hearth::tokenizer] adding white space
[2026-01-23T18:52:17Z INFO hearth::tokenizer] ""
[2026-01-23T18:52:17Z INFO hearth::tokenizer] "\"fo"
[2026-01-23T18:52:17Z INFO hearth::tokenizer] "\";"
[2026-01-23T18:52:17Z INFO hearth::tokenizer] "32]"
[2026-01-23T18:52:17Z INFO hearth::tokenizer] "="
[2026-01-23T18:52:17Z INFO hearth::tokenizer] ","
[2026-01-23T18:52:17Z INFO hearth::tokenizer] ""
[2026-01-23T18:52:17Z INFO hearth::tokenizer] "let"
[2026-01-23T18:52:17Z INFO hearth::tokenizer] tokenizing variable
[2026-01-23T18:52:17Z INFO hearth::tokenizer] src "foo = Bar {\n        baz=1\n        };"
[2026-01-23T18:52:17Z INFO hearth::tokenizer] VarIdent ' '
[2026-01-23T18:52:17Z INFO hearth::tokenizer] adding white space
[2026-01-23T18:52:17Z INFO hearth::tokenizer] VarIdent 'f'
[2026-01-23T18:52:17Z INFO hearth::tokenizer] VarIdent 'o'
[2026-01-23T18:52:17Z INFO hearth::tokenizer] VarIdent 'o'
[2026-01-23T18:52:17Z INFO hearth::tokenizer] VarIdent ' '
[2026-01-23T18:52:17Z INFO hearth::tokenizer] VarIdent '='
[2026-01-23T18:52:17Z INFO hearth::tokenizer] VarIdent ' '
[2026-01-23T18:52:17Z INFO hearth::tokenizer] VarIdent 'B'
[2026-01-23T18:52:17Z INFO hearth::tokenizer] VarIdent 'a'
[2026-01-23T18:52:17Z INFO hearth::tokenizer] VarIdent 'r'
[2026-01-23T18:52:17Z INFO hearth::tokenizer] VarIdent ' '
[2026-01-23T18:52:17Z INFO hearth::tokenizer] VarIdent '{'
[2026-01-23T18:53:08Z INFO hearth::parser::parser_test] foo
[2026-01-23T18:53:20Z INFO hearth::tokenizer] "let"
[2026-01-23T18:53:20Z INFO hearth::tokenizer] tokenizing variable
[2026-01-23T18:53:20Z INFO hearth::tokenizer] src "foo: [i32] = [1, 2, 3, \"foo\"];\n        let bar = foo;"
[2026-01-23T18:53:20Z INFO hearth::tokenizer] VarIdent ' '
[2026-01-23T18:53:20Z INFO hearth::tokenizer] adding white space
[2026-01-23T18:53:20Z INFO hearth::tokenizer] VarIdent 'f'
[2026-01-23T18:53:20Z INFO hearth::tokenizer] VarIdent 'o'
[2026-01-23T18:53:20Z INFO hearth::tokenizer] VarIdent 'o'
[2026-01-23T18:53:20Z INFO hearth::tokenizer] VarIdent ':'
[2026-01-23T18:53:20Z INFO hearth::tokenizer] TypeID ' '
[2026-01-23T18:53:20Z INFO hearth::tokenizer] TypeID '['
[2026-01-23T18:53:20Z INFO hearth::tokenizer] TypeID 'i'
[2026-01-23T18:53:20Z INFO hearth::tokenizer] TypeID '3'
[2026-01-23T18:53:20Z INFO hearth::tokenizer] TypeID '2'
[2026-01-23T18:53:20Z INFO hearth::tokenizer] TypeID ']'
[2026-01-23T18:53:20Z INFO hearth::tokenizer] VarValue ' '
[2026-01-23T18:53:20Z INFO hearth::tokenizer] VarValue '='
[2026-01-23T18:53:20Z INFO hearth::tokenizer] VarValue ' '
[2026-01-23T18:53:20Z INFO hearth::tokenizer] VarValue '['
[2026-01-23T18:53:20Z INFO hearth::tokenizer] Array '1'
[2026-01-23T18:53:20Z INFO hearth::tokenizer] Array ','
[2026-01-23T18:53:20Z INFO hearth::tokenizer] Array ' '
[2026-01-23T18:53:20Z INFO hearth::tokenizer] Array '2'
[2026-01-23T18:53:20Z INFO hearth::tokenizer] Array ','
[2026-01-23T18:53:20Z INFO hearth::tokenizer] Array ' '
[2026-01-23T18:53:20Z INFO hearth::tokenizer] Array '3'
[2026-01-23T18:53:20Z INFO hearth::tokenizer] Array ','
[2026-01-23T18:53:20Z INFO hearth::tokenizer] Array ' '
[2026-01-23T18:53:20Z INFO hearth::tokenizer] Array '"'
[2026-01-23T18:53:20Z INFO hearth::tokenizer] Array 'f'
[2026-01-23T18:53:20Z INFO hearth::tokenizer] Array 'o'
[2026-01-23T18:53:20Z INFO hearth::tokenizer] Array 'o'
[2026-01-23T18:53:20Z INFO hearth::tokenizer] Array '"'
[2026-01-23T18:53:20Z INFO hearth::tokenizer] Array ']'
[2026-01-23T18:53:20Z INFO hearth::tokenizer] Array ';'
[2026-01-23T18:53:20Z INFO hearth::tokenizer] adding white space
[2026-01-23T18:53:20Z INFO hearth::tokenizer] ""
[2026-01-23T18:53:20Z INFO hearth::tokenizer] "let"
[2026-01-23T18:53:20Z INFO hearth::tokenizer] tokenizing variable
[2026-01-23T18:53:20Z INFO hearth::tokenizer] src "bar = foo;"
[2026-01-23T18:53:20Z INFO hearth::tokenizer] VarIdent ' '
[2026-01-23T18:53:20Z INFO hearth::tokenizer] adding white space
[2026-01-23T18:53:20Z INFO hearth::tokenizer] VarIdent 'b'
[2026-01-23T18:53:20Z INFO hearth::tokenizer] VarIdent 'a'
[2026-01-23T18:53:20Z INFO hearth::tokenizer] VarIdent 'r'
[2026-01-23T18:53:20Z INFO hearth::tokenizer] VarIdent ' '
[2026-01-23T18:53:20Z INFO hearth::tokenizer] VarIdent '='
[2026-01-23T18:53:20Z INFO hearth::tokenizer] VarIdent ' '
[2026-01-23T18:53:20Z INFO hearth::tokenizer] VarIdent 'f'
[2026-01-23T18:53:20Z INFO hearth::tokenizer] VarIdent 'o'
[2026-01-23T18:53:20Z INFO hearth::tokenizer] VarIdent 'o'
[2026-01-23T18:53:20Z INFO hearth::tokenizer] VarIdent ';'
[2026-01-23T18:53:20Z INFO hearth::tokenizer] adding white space
[2026-01-23T18:53:20Z INFO hearth::tokenizer::test] [Let, WhiteSpace, Str("foo"), Colon, LeftBracket, TypeID(I32), RightBracket, Equal, LeftBracket, Number("1"), Comma, Number("2"), Comma, Number("3"), Comma, Str("foo"), RightBracket, WhiteSpace, Let, WhiteSpace, Str("bar"), Equal, Str("foo"), WhiteSpace]
[2026-01-23T19:25:01Z INFO hearth::tokenizer] "struct"
[2026-01-23T19:25:01Z INFO hearth::tokenizer] tokenizing struct
[2026-01-23T19:25:01Z INFO hearth::tokenizer] adding white space
[2026-01-23T19:25:01Z INFO hearth::tokenizer] adding white space
[2026-01-23T19:25:01Z INFO hearth::tokenizer] "baz"
[2026-01-23T19:25:01Z INFO hearth::tokenizer] 38
[2026-01-23T19:25:01Z INFO hearth::tokenizer] "Bar {\n            baz: i32,\n        }"
[2026-01-23T19:25:01Z INFO hearth::tokenizer] "let baz = \"foo\";\n\n        let barf: [i32] = [1, 2, \"foo\",3];\n\n        let foo = Bar {\n        baz=1\n        };"
[2026-01-23T19:25:01Z INFO hearth::tokenizer] finished tokenizing struct
[2026-01-23T19:25:01Z INFO hearth::tokenizer] adding white space
[2026-01-23T19:25:01Z INFO hearth::tokenizer] ""
[2026-01-23T19:25:01Z INFO hearth::tokenizer] "\"fo"
[2026-01-23T19:25:01Z INFO hearth::tokenizer] "\";"
[2026-01-23T19:25:01Z INFO hearth::tokenizer] "32]"
[2026-01-23T19:25:01Z INFO hearth::tokenizer] "="
[2026-01-23T19:25:01Z INFO hearth::tokenizer] ","
[2026-01-23T19:25:01Z INFO hearth::tokenizer] ""
[2026-01-23T19:25:01Z INFO hearth::tokenizer] "let"
[2026-01-23T19:25:01Z INFO hearth::tokenizer] tokenizing variable
[2026-01-23T19:25:01Z INFO hearth::tokenizer] src "foo = Bar {\n        baz=1\n        };"
[2026-01-23T19:25:01Z INFO hearth::tokenizer] VarIdent ' '
[2026-01-23T19:25:01Z INFO hearth::tokenizer] adding white space
[2026-01-23T19:25:01Z INFO hearth::tokenizer] VarIdent 'f'
[2026-01-23T19:25:01Z INFO hearth::tokenizer] VarIdent 'o'
[2026-01-23T19:25:01Z INFO hearth::tokenizer] VarIdent 'o'
[2026-01-23T19:25:01Z INFO hearth::tokenizer] VarIdent ' '
[2026-01-23T19:25:01Z INFO hearth::tokenizer] VarIdent '='
[2026-01-23T19:25:01Z INFO hearth::tokenizer] VarIdent ' '
[2026-01-23T19:25:01Z INFO hearth::tokenizer] VarIdent 'B'
[2026-01-23T19:25:01Z INFO hearth::tokenizer] VarIdent 'a'
[2026-01-23T19:25:01Z INFO hearth::tokenizer] VarIdent 'r'
[2026-01-23T19:25:01Z INFO hearth::tokenizer] VarIdent ' '
[2026-01-23T19:25:01Z INFO hearth::tokenizer] VarIdent '{'
[2026-01-23T19:26:34Z INFO hearth::tokenizer] "struct"
[2026-01-23T19:26:34Z INFO hearth::tokenizer] tokenizing struct
[2026-01-23T19:26:34Z INFO hearth::tokenizer] adding white space
[2026-01-23T19:26:34Z INFO hearth::tokenizer] adding white space
[2026-01-23T19:26:34Z INFO hearth::tokenizer] "baz"
[2026-01-23T19:26:34Z INFO hearth::tokenizer] 38
[2026-01-23T19:26:34Z INFO hearth::tokenizer] "Bar {\n            baz: i32,\n        }"
[2026-01-23T19:26:34Z INFO hearth::tokenizer] "let baz = \"foo\";\n\n        let barf: [i32] = [1, 2, \"foo\",3];\n\n        let foo = Bar {\n        baz=1\n        };"
[2026-01-23T19:26:34Z INFO hearth::tokenizer] finished tokenizing struct
[2026-01-23T19:26:34Z INFO hearth::tokenizer] adding white space
[2026-01-23T19:26:34Z INFO hearth::tokenizer] ""
[2026-01-23T19:26:34Z INFO hearth::tokenizer] "\"fo"
[2026-01-23T19:26:34Z INFO hearth::tokenizer] "\";"
[2026-01-23T19:26:34Z INFO hearth::tokenizer] "32]"
[2026-01-23T19:26:34Z INFO hearth::tokenizer] "="
[2026-01-23T19:26:34Z INFO hearth::tokenizer] ","
[2026-01-23T19:26:34Z INFO hearth::tokenizer] ""
[2026-01-23T19:26:34Z INFO hearth::tokenizer] "let"
[2026-01-23T19:26:34Z INFO hearth::tokenizer] tokenizing variable
[2026-01-23T19:26:34Z INFO hearth::tokenizer] src "foo = Bar {\n        baz=1\n        };"
[2026-01-23T19:26:34Z INFO hearth::tokenizer] VarIdent ' '
[2026-01-23T19:26:34Z INFO hearth::tokenizer] adding white space
[2026-01-23T19:26:34Z INFO hearth::tokenizer] VarIdent 'f'
[2026-01-23T19:26:34Z INFO hearth::tokenizer] VarIdent 'o'
[2026-01-23T19:26:34Z INFO hearth::tokenizer] VarIdent 'o'
[2026-01-23T19:26:34Z INFO hearth::tokenizer] VarIdent ' '
[2026-01-23T19:26:34Z INFO hearth::tokenizer] VarIdent '='
[2026-01-23T19:26:34Z INFO hearth::tokenizer] VarIdent ' '
[2026-01-23T19:26:34Z INFO hearth::tokenizer] VarIdent 'B'
[2026-01-23T19:26:34Z INFO hearth::tokenizer] VarIdent 'a'
[2026-01-23T19:26:34Z INFO hearth::tokenizer] VarIdent 'r'
[2026-01-23T19:26:34Z INFO hearth::tokenizer] VarIdent ' '
[2026-01-23T19:26:34Z INFO hearth::tokenizer] VarIdent '{'
[2026-01-23T19:26:34Z INFO hearth::tokenizer] Struct '\n'
[2026-01-23T19:26:34Z INFO hearth::tokenizer] Struct ' '
[2026-01-23T19:26:34Z INFO hearth::tokenizer] Struct ' '
[2026-01-23T19:26:34Z INFO hearth::tokenizer] Struct ' '
[2026-01-23T19:26:34Z INFO hearth::tokenizer] Struct ' '
[2026-01-23T19:26:34Z INFO hearth::tokenizer] Struct ' '
[2026-01-23T19:26:34Z INFO hearth::tokenizer] Struct ' '
[2026-01-23T19:26:34Z INFO hearth::tokenizer] Struct ' '
[2026-01-23T19:26:34Z INFO hearth::tokenizer] Struct ' '
[2026-01-23T19:26:34Z INFO hearth::tokenizer] Struct 'b'
[2026-01-23T19:26:34Z INFO hearth::tokenizer] Struct 'a'
[2026-01-23T19:26:34Z INFO hearth::tokenizer] Struct 'z'
[2026-01-23T19:26:34Z INFO hearth::tokenizer] Struct '='
[2026-01-23T19:26:34Z INFO hearth::tokenizer] Struct '1'
[2026-01-23T19:26:34Z INFO hearth::tokenizer] Struct '\n'
[2026-01-23T19:26:34Z INFO hearth::tokenizer] Struct ' '
[2026-01-23T19:26:34Z INFO hearth::tokenizer] Struct ' '
[2026-01-23T19:26:34Z INFO hearth::tokenizer] Struct ' '
[2026-01-23T19:26:34Z INFO hearth::tokenizer] Struct ' '
[2026-01-23T19:26:34Z INFO hearth::tokenizer] Struct ' '
[2026-01-23T19:26:34Z INFO hearth::tokenizer] Struct ' '
[2026-01-23T19:26:34Z INFO hearth::tokenizer] Struct ' '
[2026-01-23T19:26:34Z INFO hearth::tokenizer] Struct ' '
[2026-01-23T19:26:34Z INFO hearth::tokenizer] Struct '}'
[2026-01-23T19:26:34Z INFO hearth::tokenizer] Struct ';'
[2026-01-23T19:26:34Z INFO hearth::tokenizer] adding white space
[2026-01-23T19:26:34Z INFO hearth::tokenizer] "oo"
[2026-01-23T19:26:34Z INFO hearth::tokenizer] "baz=1"
[2026-01-23T19:26:34Z INFO hearth::parser] Tokenizer { data: "struct Bar {\n            baz: i32,\n        }\n\n        let baz = \"foo\";\n\n        let barf: [i32] = [1, 2, \"foo\",3];\n\n        let foo = Bar {\n        baz=1\n        };", tokens: [Struct, WhiteSpace, Str("Bar"), LeftAngleBracket, WhiteSpace, Str("baz"), Colon, TypeID(I32), Comma, RightAngleBracket, WhiteSpace, Let, WhiteSpace, Str("foo"), Equal, Str("Bar {"), Str("baz"), Equal, Number("1"), RightAngleBracket, Semicolon, WhiteSpace] }
[2026-01-23T19:27:01Z INFO hearth::tokenizer] "struct"
[2026-01-23T19:27:01Z INFO hearth::tokenizer] tokenizing struct
[2026-01-23T19:27:01Z INFO hearth::tokenizer] adding white space
[2026-01-23T19:27:01Z INFO hearth::tokenizer] adding white space
[2026-01-23T19:27:01Z INFO hearth::tokenizer] "baz"
[2026-01-23T19:27:01Z INFO hearth::tokenizer] 38
[2026-01-23T19:27:01Z INFO hearth::tokenizer] "Bar {\n            baz: i32,\n        }"
[2026-01-23T19:27:01Z INFO hearth::tokenizer] "let baz = \"foo\";\n\n        let barf: [i32] = [1, 2, \"foo\",3];\n\n        let foo = Bar {\n        baz=1\n        };"
[2026-01-23T19:27:01Z INFO hearth::tokenizer] finished tokenizing struct
[2026-01-23T19:27:01Z INFO hearth::tokenizer] adding white space
[2026-01-23T19:27:01Z INFO hearth::tokenizer] ""
[2026-01-23T19:27:01Z INFO hearth::tokenizer] "\"fo"
[2026-01-23T19:27:01Z INFO hearth::tokenizer] "\";"
[2026-01-23T19:27:01Z INFO hearth::tokenizer] "32]"
[2026-01-23T19:27:01Z INFO hearth::tokenizer] "="
[2026-01-23T19:27:01Z INFO hearth::tokenizer] ","
[2026-01-23T19:27:01Z INFO hearth::tokenizer] ""
[2026-01-23T19:27:01Z INFO hearth::tokenizer] "let"
[2026-01-23T19:27:01Z INFO hearth::tokenizer] tokenizing variable
[2026-01-23T19:27:01Z INFO hearth::tokenizer] src "foo = Bar {\n        baz=1\n        };"
[2026-01-23T19:27:01Z INFO hearth::tokenizer] VarIdent ' '
[2026-01-23T19:27:01Z INFO hearth::tokenizer] adding white space
[2026-01-23T19:27:01Z INFO hearth::tokenizer] VarIdent 'f'
[2026-01-23T19:27:01Z INFO hearth::tokenizer] VarIdent 'o'
[2026-01-23T19:27:01Z INFO hearth::tokenizer] VarIdent 'o'
[2026-01-23T19:27:01Z INFO hearth::tokenizer] VarIdent ' '
[2026-01-23T19:27:01Z INFO hearth::tokenizer] VarIdent '='
[2026-01-23T19:27:01Z INFO hearth::tokenizer] VarIdent ' '
[2026-01-23T19:27:01Z INFO hearth::tokenizer] VarIdent 'B'
[2026-01-23T19:27:01Z INFO hearth::tokenizer] VarIdent 'a'
[2026-01-23T19:27:01Z INFO hearth::tokenizer] VarIdent 'r'
[2026-01-23T19:27:01Z INFO hearth::tokenizer] VarIdent ' '
[2026-01-23T19:27:01Z INFO hearth::tokenizer] VarIdent '{'
[2026-01-23T19:27:01Z INFO hearth::tokenizer] Struct '\n'
[2026-01-23T19:27:01Z INFO hearth::tokenizer] Struct ' '
[2026-01-23T19:27:01Z INFO hearth::tokenizer] Struct ' '
[2026-01-23T19:27:01Z INFO hearth::tokenizer] Struct ' '
[2026-01-23T19:27:01Z INFO hearth::tokenizer] Struct ' '
[2026-01-23T19:27:01Z INFO hearth::tokenizer] Struct ' '
[2026-01-23T19:27:01Z INFO hearth::tokenizer] Struct ' '
[2026-01-23T19:27:01Z INFO hearth::tokenizer] Struct ' '
[2026-01-23T19:27:01Z INFO hearth::tokenizer] Struct ' '
[2026-01-23T19:27:01Z INFO hearth::tokenizer] Struct 'b'
[2026-01-23T19:27:01Z INFO hearth::tokenizer] Struct 'a'
[2026-01-23T19:27:01Z INFO hearth::tokenizer] Struct 'z'
[2026-01-23T19:27:01Z INFO hearth::tokenizer] Struct '='
[2026-01-23T19:27:01Z INFO hearth::tokenizer] Struct '1'
[2026-01-23T19:27:01Z INFO hearth::tokenizer] Struct '\n'
[2026-01-23T19:27:01Z INFO hearth::tokenizer] Struct ' '
[2026-01-23T19:27:01Z INFO hearth::tokenizer] Struct ' '
[2026-01-23T19:27:01Z INFO hearth::tokenizer] Struct ' '
[2026-01-23T19:27:01Z INFO hearth::tokenizer] Struct ' '
[2026-01-23T19:27:01Z INFO hearth::tokenizer] Struct ' '
[2026-01-23T19:27:01Z INFO hearth::tokenizer] Struct ' '
[2026-01-23T19:27:01Z INFO hearth::tokenizer] Struct ' '
[2026-01-23T19:27:01Z INFO hearth::tokenizer] Struct ' '
[2026-01-23T19:27:01Z INFO hearth::tokenizer] Struct '}'
[2026-01-23T19:27:01Z INFO hearth::tokenizer] Struct ';'
[2026-01-23T19:27:01Z INFO hearth::tokenizer] adding white space
[2026-01-23T19:27:01Z INFO hearth::tokenizer] "oo"
[2026-01-23T19:27:01Z INFO hearth::tokenizer] "baz=1"
[2026-01-23T19:27:01Z INFO hearth::parser] Tokenizer { data: "struct Bar {\n            baz: i32,\n        }\n\n        let baz = \"foo\";\n\n        let barf: [i32] = [1, 2, \"foo\",3];\n\n        let foo = Bar {\n        baz=1\n        };", tokens: [Struct, WhiteSpace, Str("Bar"), LeftAngleBracket, WhiteSpace, Str("baz"), Colon, TypeID(I32), Comma, RightAngleBracket, WhiteSpace, Let, WhiteSpace, Str("foo"), Equal, Str("baz"), Equal, Number("1"), RightAngleBracket, Semicolon, WhiteSpace] }
[2026-01-23T20:04:11Z INFO hearth::tokenizer] "struct"
[2026-01-23T20:04:11Z INFO hearth::tokenizer] tokenizing struct
[2026-01-23T20:04:11Z INFO hearth::tokenizer] adding white space
[2026-01-23T20:04:11Z INFO hearth::tokenizer] adding white space
[2026-01-23T20:04:11Z INFO hearth::tokenizer] "bar"
[2026-01-23T20:04:11Z INFO hearth::tokenizer] 34
[2026-01-23T20:04:11Z INFO hearth::tokenizer] "Foo {\n        bar: i32,\n        }"
[2026-01-23T20:04:11Z INFO hearth::tokenizer] "let bar = Foo {\n            bar = 0,\n        };"
[2026-01-23T20:04:11Z INFO hearth::tokenizer] finished tokenizing struct
[2026-01-23T20:04:11Z INFO hearth::tokenizer] adding white space
[2026-01-23T20:04:11Z INFO hearth::tokenizer] ""
[2026-01-23T20:04:11Z INFO hearth::tokenizer] "l"
[2026-01-23T20:04:11Z INFO hearth::tokenizer] "t"
[2026-01-23T20:04:11Z INFO hearth::tokenizer] "0,"
[2026-01-23T20:04:11Z INFO hearth::tokenizer] ""
[2026-01-23T20:04:11Z INFO hearth::tokenizer::test] [Struct, WhiteSpace, Str("Foo"), LeftAngleBracket, WhiteSpace, Str("bar"), Colon, TypeID(I32), Comma, RightAngleBracket, WhiteSpace]
[2026-01-23T20:41:27Z INFO hearth::tokenizer] struct Foo
[2026-01-23T20:41:27Z INFO hearth::tokenizer] truct Foo
[2026-01-23T20:41:27Z INFO hearth::tokenizer] ruct Foo
[2026-01-23T20:41:27Z INFO hearth::tokenizer] uct Foo
[2026-01-23T20:41:27Z INFO hearth::tokenizer] ct Foo
[2026-01-23T20:41:27Z INFO hearth::tokenizer] t Foo
[2026-01-23T20:41:27Z INFO hearth::tokenizer]  Foo 
[2026-01-23T20:41:27Z INFO hearth::tokenizer] "struct"
[2026-01-23T20:41:27Z INFO hearth::tokenizer] tokenizing struct
[2026-01-23T20:41:27Z INFO hearth::tokenizer] adding white space
[2026-01-23T20:41:27Z INFO hearth::tokenizer] adding white space
[2026-01-23T20:41:27Z INFO hearth::tokenizer] "bar"
[2026-01-23T20:41:27Z INFO hearth::tokenizer] 34
[2026-01-23T20:41:27Z INFO hearth::tokenizer] "Foo {\n        bar: i32,\n        }"
[2026-01-23T20:41:27Z INFO hearth::tokenizer] "let bar = Foo {\n            bar = 0,\n        };"
[2026-01-23T20:41:27Z INFO hearth::tokenizer] finished tokenizing struct
[2026-01-23T20:41:27Z INFO hearth::tokenizer]        
[2026-01-23T20:41:27Z INFO hearth::tokenizer]        
[2026-01-23T20:41:27Z INFO hearth::tokenizer]       

[2026-01-23T20:41:27Z INFO hearth::tokenizer]      
 
[2026-01-23T20:41:27Z INFO hearth::tokenizer] adding white space
[2026-01-23T20:41:27Z INFO hearth::tokenizer] ""
[2026-01-23T20:41:27Z INFO hearth::tokenizer]     
  
[2026-01-23T20:41:27Z INFO hearth::tokenizer]    
   
[2026-01-23T20:41:27Z INFO hearth::tokenizer]   
    
[2026-01-23T20:41:27Z INFO hearth::tokenizer]  
     
[2026-01-23T20:41:27Z INFO hearth::tokenizer] 
      
[2026-01-23T20:41:27Z INFO hearth::tokenizer]        
[2026-01-23T20:41:27Z INFO hearth::tokenizer]        
[2026-01-23T20:41:27Z INFO hearth::tokenizer]       l
[2026-01-23T20:41:27Z INFO hearth::tokenizer]      le
[2026-01-23T20:41:27Z INFO hearth::tokenizer]     let
[2026-01-23T20:41:27Z INFO hearth::tokenizer]    let 
[2026-01-23T20:41:27Z INFO hearth::tokenizer]   let b
[2026-01-23T20:41:27Z INFO hearth::tokenizer]  let ba
[2026-01-23T20:41:27Z INFO hearth::tokenizer] let bar
[2026-01-23T20:41:27Z INFO hearth::tokenizer] et bar
[2026-01-23T20:41:27Z INFO hearth::tokenizer] "l"
[2026-01-23T20:41:27Z INFO hearth::tokenizer] t bar
[2026-01-23T20:41:27Z INFO hearth::tokenizer]  bar 
[2026-01-23T20:41:27Z INFO hearth::tokenizer] bar =
[2026-01-23T20:41:27Z INFO hearth::tokenizer] ar =
[2026-01-23T20:41:27Z INFO hearth::tokenizer] r =
[2026-01-23T20:41:27Z INFO hearth::tokenizer]  Fo
[2026-01-23T20:41:27Z INFO hearth::tokenizer] "t"
[2026-01-23T20:41:27Z INFO hearth::tokenizer] Foo
[2026-01-23T20:41:27Z INFO hearth::tokenizer]  Foo 
[2026-01-23T20:41:27Z INFO hearth::tokenizer] Foo {
[2026-01-23T20:41:27Z INFO hearth::tokenizer] oo {
[2026-01-23T20:41:27Z INFO hearth::tokenizer] o {
[2026-01-23T20:41:27Z INFO hearth::tokenizer]  ba
[2026-01-23T20:41:27Z INFO hearth::tokenizer] bar
[2026-01-23T20:41:27Z INFO hearth::tokenizer] 
    
[2026-01-23T20:41:27Z INFO hearth::tokenizer]      
[2026-01-23T20:41:27Z INFO hearth::tokenizer]      
[2026-01-23T20:41:27Z INFO hearth::tokenizer]      
[2026-01-23T20:41:27Z INFO hearth::tokenizer]      
[2026-01-23T20:41:27Z INFO hearth::tokenizer]      
[2026-01-23T20:41:27Z INFO hearth::tokenizer]      
[2026-01-23T20:41:27Z INFO hearth::tokenizer]      
[2026-01-23T20:41:27Z INFO hearth::tokenizer]      
[2026-01-23T20:41:27Z INFO hearth::tokenizer]     b
[2026-01-23T20:41:27Z INFO hearth::tokenizer]    ba
[2026-01-23T20:41:27Z INFO hearth::tokenizer]   bar
[2026-01-23T20:41:27Z INFO hearth::tokenizer]  bar 
[2026-01-23T20:41:27Z INFO hearth::tokenizer] bar =
[2026-01-23T20:41:27Z INFO hearth::tokenizer] ar =
[2026-01-23T20:41:27Z INFO hearth::tokenizer] r =
[2026-01-23T20:41:27Z INFO hearth::tokenizer] "0,"
[2026-01-23T20:41:27Z INFO hearth::tokenizer] ""
[2026-01-23T20:41:27Z INFO hearth::tokenizer::test] [Struct, WhiteSpace, Str("Foo"), LeftAngleBracket, WhiteSpace, Str("bar"), Colon, TypeID(I32), Comma, RightAngleBracket, WhiteSpace]
[2026-01-23T20:43:15Z INFO hearth::tokenizer] struct Foo
[2026-01-23T20:43:15Z INFO hearth::tokenizer] truct Foo
[2026-01-23T20:43:15Z INFO hearth::tokenizer] ruct Foo
[2026-01-23T20:43:15Z INFO hearth::tokenizer] uct Foo
[2026-01-23T20:43:15Z INFO hearth::tokenizer] ct Foo
[2026-01-23T20:43:15Z INFO hearth::tokenizer] t Foo
[2026-01-23T20:43:15Z INFO hearth::tokenizer]  Foo 
[2026-01-23T20:43:15Z INFO hearth::tokenizer] Foo {
[2026-01-23T20:43:15Z INFO hearth::tokenizer] oo {
[2026-01-23T20:43:15Z INFO hearth::tokenizer] o {
[2026-01-23T20:43:15Z INFO hearth::tokenizer]  bar
[2026-01-23T20:43:15Z INFO hearth::tokenizer] bar:
[2026-01-23T20:43:15Z INFO hearth::tokenizer] 
        
[2026-01-23T20:43:15Z INFO hearth::tokenizer]         b
[2026-01-23T20:43:15Z INFO hearth::tokenizer]        ba
[2026-01-23T20:43:15Z INFO hearth::tokenizer]       bar
[2026-01-23T20:43:15Z INFO hearth::tokenizer]      bar:
[2026-01-23T20:43:15Z INFO hearth::tokenizer]     bar: 
[2026-01-23T20:43:15Z INFO hearth::tokenizer]    bar: i
[2026-01-23T20:43:15Z INFO hearth::tokenizer]   bar: i3
[2026-01-23T20:43:15Z INFO hearth::tokenizer]  bar: i32
[2026-01-23T20:43:15Z INFO hearth::tokenizer] bar: i32,
[2026-01-23T20:43:15Z INFO hearth::tokenizer] ar: i32,
[2026-01-23T20:43:15Z INFO hearth::tokenizer] r: i32,
[2026-01-23T20:43:15Z INFO hearth::tokenizer] i32,
[2026-01-23T20:43:15Z INFO hearth::tokenizer]  i32,
[2026-01-23T20:43:15Z INFO hearth::tokenizer] i32,

[2026-01-23T20:43:15Z INFO hearth::tokenizer] let
[2026-01-23T20:43:15Z INFO hearth::tokenizer] tokenizing variable
[2026-01-23T20:43:15Z INFO hearth::tokenizer] src "}\n        \n        let bar = Foo {\n            bar = 0,\n        };"
[2026-01-23T20:43:15Z INFO hearth::tokenizer] VarIdent ' '
[2026-01-23T20:43:15Z INFO hearth::tokenizer] adding white space
[2026-01-23T20:43:15Z INFO hearth::tokenizer] VarIdent ' '
[2026-01-23T20:43:15Z INFO hearth::tokenizer] VarIdent ' '
[2026-01-23T20:43:15Z INFO hearth::tokenizer] VarIdent ' '
[2026-01-23T20:43:15Z INFO hearth::tokenizer] VarIdent ' '
[2026-01-23T20:43:15Z INFO hearth::tokenizer] VarIdent '}'
[2026-01-23T20:43:48Z INFO hearth::tokenizer] next_word struct Foo
[2026-01-23T20:43:48Z INFO hearth::tokenizer] next_word truct Foo
[2026-01-23T20:43:48Z INFO hearth::tokenizer] next_word ruct Foo
[2026-01-23T20:43:48Z INFO hearth::tokenizer] next_word uct Foo
[2026-01-23T20:43:48Z INFO hearth::tokenizer] next_word ct Foo
[2026-01-23T20:43:48Z INFO hearth::tokenizer] next_word t Foo
[2026-01-23T20:43:48Z INFO hearth::tokenizer] next_word  Foo 
[2026-01-23T20:43:48Z INFO hearth::tokenizer] next_word Foo {
[2026-01-23T20:43:48Z INFO hearth::tokenizer] next_word oo {
[2026-01-23T20:43:48Z INFO hearth::tokenizer] next_word o {
[2026-01-23T20:43:48Z INFO hearth::tokenizer] next_word  bar
[2026-01-23T20:43:48Z INFO hearth::tokenizer] next_word bar:
[2026-01-23T20:43:48Z INFO hearth::tokenizer] next_word 
        
[2026-01-23T20:43:48Z INFO hearth::tokenizer] next_word         b
[2026-01-23T20:43:48Z INFO hearth::tokenizer] next_word        ba
[2026-01-23T20:43:48Z INFO hearth::tokenizer] next_word       bar
[2026-01-23T20:43:48Z INFO hearth::tokenizer] next_word      bar:
[2026-01-23T20:43:48Z INFO hearth::tokenizer] next_word     bar: 
[2026-01-23T20:43:48Z INFO hearth::tokenizer] next_word    bar: i
[2026-01-23T20:43:48Z INFO hearth::tokenizer] next_word   bar: i3
[2026-01-23T20:43:48Z INFO hearth::tokenizer] next_word  bar: i32
[2026-01-23T20:43:48Z INFO hearth::tokenizer] next_word bar: i32,
[2026-01-23T20:43:48Z INFO hearth::tokenizer] next_word ar: i32,
[2026-01-23T20:43:48Z INFO hearth::tokenizer] next_word r: i32,
[2026-01-23T20:43:48Z INFO hearth::tokenizer] next_word i32,
[2026-01-23T20:43:48Z INFO hearth::tokenizer] next_word  i32,
[2026-01-23T20:43:48Z INFO hearth::tokenizer] next_word i32,

[2026-01-23T20:43:48Z INFO hearth::tokenizer] next_word let
[2026-01-23T20:43:48Z INFO hearth::tokenizer] tokenizing variable
[2026-01-23T20:43:48Z INFO hearth::tokenizer] src "}\n        \n        let bar = Foo {\n            bar = 0,\n        };"
[2026-01-23T20:43:48Z INFO hearth::tokenizer] VarIdent ' '
[2026-01-23T20:43:48Z INFO hearth::tokenizer] adding white space
[2026-01-23T20:43:48Z INFO hearth::tokenizer] VarIdent ' '
[2026-01-23T20:43:48Z INFO hearth::tokenizer] VarIdent ' '
[2026-01-23T20:43:48Z INFO hearth::tokenizer] VarIdent ' '
[2026-01-23T20:43:48Z INFO hearth::tokenizer] VarIdent ' '
[2026-01-23T20:43:48Z INFO hearth::tokenizer] VarIdent '}'
[2026-01-23T22:35:38Z INFO hearth::tokenizer] hearth::tokenizer::Tokenizer<'_>::next_word
[2026-01-23T22:35:38Z INFO hearth::tokenizer] hearth::tokenizer::Tokenizer<'_>::next_word
[2026-01-23T22:35:38Z INFO hearth::tokenizer] hearth::tokenizer::Tokenizer<'_>::next_word
[2026-01-23T22:35:38Z INFO hearth::tokenizer] hearth::tokenizer::Tokenizer<'_>::next_word
[2026-01-23T22:35:38Z INFO hearth::tokenizer] hearth::tokenizer::Tokenizer<'_>::next_word
[2026-01-23T22:35:38Z INFO hearth::tokenizer] hearth::tokenizer::Tokenizer<'_>::next_word
[2026-01-23T22:35:38Z INFO hearth::tokenizer] hearth::tokenizer::Tokenizer<'_>::next_word
[2026-01-23T22:35:38Z INFO hearth::tokenizer] hearth::tokenizer::Tokenizer<'_>::next_word
[2026-01-23T22:35:38Z INFO hearth::tokenizer] hearth::tokenizer::Tokenizer<'_>::next_word
[2026-01-23T22:35:38Z INFO hearth::tokenizer] hearth::tokenizer::Tokenizer<'_>::next_word
[2026-01-23T22:35:38Z INFO hearth::tokenizer] hearth::tokenizer::Tokenizer<'_>::next_word
[2026-01-23T22:35:38Z INFO hearth::tokenizer] hearth::tokenizer::Tokenizer<'_>::next_word
[2026-01-23T22:35:38Z INFO hearth::tokenizer] hearth::tokenizer::Tokenizer<'_>::next_word
[2026-01-23T22:35:38Z INFO hearth::tokenizer] hearth::tokenizer::Tokenizer<'_>::next_word
[2026-01-23T22:35:38Z INFO hearth::tokenizer] hearth::tokenizer::Tokenizer<'_>::next_word
[2026-01-23T22:35:38Z INFO hearth::tokenizer] hearth::tokenizer::Tokenizer<'_>::next_word
[2026-01-23T22:35:38Z INFO hearth::tokenizer] hearth::tokenizer::Tokenizer<'_>::next_word
[2026-01-23T22:35:38Z INFO hearth::tokenizer] hearth::tokenizer::Tokenizer<'_>::next_word
[2026-01-23T22:35:38Z INFO hearth::tokenizer] hearth::tokenizer::Tokenizer<'_>::next_word
[2026-01-23T22:35:38Z INFO hearth::tokenizer] hearth::tokenizer::Tokenizer<'_>::next_word
[2026-01-23T22:35:38Z INFO hearth::tokenizer] hearth::tokenizer::Tokenizer<'_>::next_word
[2026-01-23T22:35:38Z INFO hearth::tokenizer] hearth::tokenizer::Tokenizer<'_>::next_word
[2026-01-23T22:35:38Z INFO hearth::tokenizer] hearth::tokenizer::Tokenizer<'_>::next_word
[2026-01-23T22:35:38Z INFO hearth::tokenizer] hearth::tokenizer::Tokenizer<'_>::next_word
[2026-01-23T22:35:38Z INFO hearth::tokenizer] hearth::tokenizer::Tokenizer<'_>::next_word
[2026-01-23T22:35:38Z INFO hearth::tokenizer] hearth::tokenizer::Tokenizer<'_>::next_word
[2026-01-23T22:35:38Z INFO hearth::tokenizer] hearth::tokenizer::Tokenizer<'_>::next_word
[2026-01-23T22:35:38Z INFO hearth::tokenizer] hearth::tokenizer::Tokenizer<'_>::next_word
[2026-01-23T22:35:38Z INFO hearth::tokenizer] hearth::tokenizer::Tokenizer<'_>::next_word
[2026-01-23T22:35:38Z INFO hearth::tokenizer] hearth::tokenizer::Tokenizer<'_>::next_word
[2026-01-23T22:35:38Z INFO hearth::tokenizer] hearth::tokenizer::Tokenizer<'_>::next_word
[2026-01-23T22:35:38Z INFO hearth::tokenizer] hearth::tokenizer::Tokenizer<'_>::next_word
[2026-01-23T22:35:38Z INFO hearth::tokenizer] hearth::tokenizer::Tokenizer<'_>::tokenize
[2026-01-23T22:35:38Z INFO hearth::tokenizer] hearth::tokenizer::Tokenizer<'_>::variable_state_machine
[2026-01-23T22:35:38Z INFO hearth::tokenizer] hearth::tokenizer::Tokenizer<'_>::variable_state_machine
[2026-01-23T22:35:38Z INFO hearth::tokenizer] hearth::tokenizer::Tokenizer<'_>::variable_state_machine
[2026-01-23T22:35:38Z INFO hearth::tokenizer] hearth::tokenizer::Tokenizer<'_>::variable_state_machine
[2026-01-23T22:35:38Z INFO hearth::tokenizer] hearth::tokenizer::Tokenizer<'_>::variable_state_machine
[2026-01-23T22:35:38Z INFO hearth::tokenizer] hearth::tokenizer::Tokenizer<'_>::variable_state_machine
[2026-01-23T22:35:38Z INFO hearth::tokenizer] hearth::tokenizer::Tokenizer<'_>::variable_state_machine
[2026-01-23T22:35:38Z INFO hearth::tokenizer] hearth::tokenizer::Tokenizer<'_>::variable_state_machine
[2026-01-23T22:35:38Z INFO hearth::tokenizer] hearth::tokenizer::Tokenizer<'_>::variable_state_machine
[2026-01-23T22:41:02Z INFO hearth::tokenizer] [hearth::tokenizer::Tokenizer<'_>::next_word] next_word struct Bar
[2026-01-23T22:41:02Z INFO hearth::tokenizer] [hearth::tokenizer::Tokenizer<'_>::next_word] next_word truct Bar
[2026-01-23T22:41:02Z INFO hearth::tokenizer] [hearth::tokenizer::Tokenizer<'_>::next_word] next_word ruct Bar
[2026-01-23T22:41:02Z INFO hearth::tokenizer] [hearth::tokenizer::Tokenizer<'_>::next_word] next_word uct Bar
[2026-01-23T22:41:02Z INFO hearth::tokenizer] [hearth::tokenizer::Tokenizer<'_>::next_word] next_word ct Bar
[2026-01-23T22:41:02Z INFO hearth::tokenizer] [hearth::tokenizer::Tokenizer<'_>::next_word] next_word t Bar
[2026-01-23T22:41:02Z INFO hearth::tokenizer] [hearth::tokenizer::Tokenizer<'_>::next_word] next_word  Bar 
[2026-01-23T22:41:02Z INFO hearth::tokenizer] [hearth::tokenizer::Tokenizer<'_>::next_word] next_word Bar {
[2026-01-23T22:41:02Z INFO hearth::tokenizer] [hearth::tokenizer::Tokenizer<'_>::next_word] next_word ar {
[2026-01-23T22:41:02Z INFO hearth::tokenizer] [hearth::tokenizer::Tokenizer<'_>::next_word] next_word r {
[2026-01-23T22:41:02Z INFO hearth::tokenizer] [hearth::tokenizer::Tokenizer<'_>::next_word] next_word  baz
[2026-01-23T22:41:02Z INFO hearth::tokenizer] [hearth::tokenizer::Tokenizer<'_>::next_word] next_word baz:
[2026-01-23T22:41:02Z INFO hearth::tokenizer] [hearth::tokenizer::Tokenizer<'_>::next_word] next_word 
        
[2026-01-23T22:41:02Z INFO hearth::tokenizer] [hearth::tokenizer::Tokenizer<'_>::next_word] next_word          
[2026-01-23T22:41:02Z INFO hearth::tokenizer] [hearth::tokenizer::Tokenizer<'_>::next_word] next_word          
[2026-01-23T22:41:02Z INFO hearth::tokenizer] [hearth::tokenizer::Tokenizer<'_>::next_word] next_word          
[2026-01-23T22:41:02Z INFO hearth::tokenizer] [hearth::tokenizer::Tokenizer<'_>::next_word] next_word          
[2026-01-23T22:41:02Z INFO hearth::tokenizer] [hearth::tokenizer::Tokenizer<'_>::next_word] next_word         b
[2026-01-23T22:41:02Z INFO hearth::tokenizer] [hearth::tokenizer::Tokenizer<'_>::next_word] next_word        ba
[2026-01-23T22:41:02Z INFO hearth::tokenizer] [hearth::tokenizer::Tokenizer<'_>::next_word] next_word       baz
[2026-01-23T22:41:02Z INFO hearth::tokenizer] [hearth::tokenizer::Tokenizer<'_>::next_word] next_word      baz:
[2026-01-23T22:41:02Z INFO hearth::tokenizer] [hearth::tokenizer::Tokenizer<'_>::next_word] next_word     baz: 
[2026-01-23T22:41:02Z INFO hearth::tokenizer] [hearth::tokenizer::Tokenizer<'_>::next_word] next_word    baz: i
[2026-01-23T22:41:02Z INFO hearth::tokenizer] [hearth::tokenizer::Tokenizer<'_>::next_word] next_word   baz: i3
[2026-01-23T22:41:02Z INFO hearth::tokenizer] [hearth::tokenizer::Tokenizer<'_>::next_word] next_word  baz: i32
[2026-01-23T22:41:02Z INFO hearth::tokenizer] [hearth::tokenizer::Tokenizer<'_>::next_word] next_word baz: i32,
[2026-01-23T22:41:02Z INFO hearth::tokenizer] [hearth::tokenizer::Tokenizer<'_>::next_word] next_word az: i32,
[2026-01-23T22:41:02Z INFO hearth::tokenizer] [hearth::tokenizer::Tokenizer<'_>::next_word] next_word z: i32,
[2026-01-23T22:41:02Z INFO hearth::tokenizer] [hearth::tokenizer::Tokenizer<'_>::next_word] next_word i32,
[2026-01-23T22:41:02Z INFO hearth::tokenizer] [hearth::tokenizer::Tokenizer<'_>::next_word] next_word  i32,
[2026-01-23T22:41:02Z INFO hearth::tokenizer] [hearth::tokenizer::Tokenizer<'_>::next_word] next_word i32,

[2026-01-23T22:41:02Z INFO hearth::tokenizer] [hearth::tokenizer::Tokenizer<'_>::next_word] next_word let
[2026-01-23T22:41:02Z INFO hearth::tokenizer] [hearth::tokenizer::Tokenizer<'_>::tokenize] tokenizing variable
[2026-01-23T22:41:02Z INFO hearth::tokenizer] [hearth::tokenizer::Tokenizer<'_>::variable_state_machine] src "az: i32,\n        }\n\n        let baz = \"foo\";\n\n        let barf: [i32] = [1, 2, \"foo\",3];\n\n        let foo = Bar {\n        baz=1\n        };"
[2026-01-23T22:41:02Z INFO hearth::tokenizer] [hearth::tokenizer::Tokenizer<'_>::variable_state_machine] VarIdent 'a'
[2026-01-23T22:41:02Z INFO hearth::tokenizer] [hearth::tokenizer::Tokenizer<'_>::variable_state_machine] VarIdent 'z'
[2026-01-23T22:41:02Z INFO hearth::tokenizer] [hearth::tokenizer::Tokenizer<'_>::variable_state_machine] VarIdent ':'
[2026-01-23T22:41:02Z INFO hearth::tokenizer] [hearth::tokenizer::Tokenizer<'_>::variable_state_machine] TypeID ' '
[2026-01-23T22:41:02Z INFO hearth::tokenizer] [hearth::tokenizer::Tokenizer<'_>::variable_state_machine] TypeID 'i'
[2026-01-23T22:41:02Z INFO hearth::tokenizer] [hearth::tokenizer::Tokenizer<'_>::variable_state_machine] TypeID '3'
[2026-01-23T22:41:02Z INFO hearth::tokenizer] [hearth::tokenizer::Tokenizer<'_>::variable_state_machine] TypeID '2'
[2026-01-23T22:41:02Z INFO hearth::tokenizer] [hearth::tokenizer::Tokenizer<'_>::variable_state_machine] TypeID ','
[2026-01-23T23:04:46Z INFO hearth::tokenizer] [hearth::tokenizer::Tokenizer<'_>::next_word] next_word struct Bar
[2026-01-23T23:04:46Z INFO hearth::tokenizer] [hearth::tokenizer::Tokenizer<'_>::next_word] next_word truct Bar
[2026-01-23T23:04:46Z INFO hearth::tokenizer] [hearth::tokenizer::Tokenizer<'_>::next_word] next_word ruct Bar
[2026-01-23T23:04:46Z INFO hearth::tokenizer] [hearth::tokenizer::Tokenizer<'_>::next_word] next_word uct Bar
[2026-01-23T23:04:46Z INFO hearth::tokenizer] [hearth::tokenizer::Tokenizer<'_>::next_word] next_word ct Bar
[2026-01-23T23:04:46Z INFO hearth::tokenizer] [hearth::tokenizer::Tokenizer<'_>::next_word] next_word t Bar
[2026-01-23T23:04:46Z INFO hearth::tokenizer] [hearth::tokenizer::Tokenizer<'_>::next_word] next_word  Bar 
[2026-01-23T23:04:46Z INFO hearth::tokenizer] [hearth::tokenizer::Tokenizer<'_>::next_word] next_word Bar {
[2026-01-23T23:04:46Z INFO hearth::tokenizer] [hearth::tokenizer::Tokenizer<'_>::next_word] next_word ar {
[2026-01-23T23:04:46Z INFO hearth::tokenizer] [hearth::tokenizer::Tokenizer<'_>::next_word] next_word r {
[2026-01-23T23:04:46Z INFO hearth::tokenizer] [hearth::tokenizer::Tokenizer<'_>::next_word] next_word  baz
[2026-01-23T23:04:46Z INFO hearth::tokenizer] [hearth::tokenizer::Tokenizer<'_>::next_word] next_word baz:
[2026-01-23T23:04:46Z INFO hearth::tokenizer] [hearth::tokenizer::Tokenizer<'_>::next_word] next_word 
        
[2026-01-23T23:04:46Z INFO hearth::tokenizer] [hearth::tokenizer::Tokenizer<'_>::next_word] next_word          
[2026-01-23T23:04:46Z INFO hearth::tokenizer] [hearth::tokenizer::Tokenizer<'_>::next_word] next_word          
[2026-01-23T23:04:46Z INFO hearth::tokenizer] [hearth::tokenizer::Tokenizer<'_>::next_word] next_word          
[2026-01-23T23:04:46Z INFO hearth::tokenizer] [hearth::tokenizer::Tokenizer<'_>::next_word] next_word          
[2026-01-23T23:04:46Z INFO hearth::tokenizer] [hearth::tokenizer::Tokenizer<'_>::next_word] next_word         b
[2026-01-23T23:04:46Z INFO hearth::tokenizer] [hearth::tokenizer::Tokenizer<'_>::next_word] next_word        ba
[2026-01-23T23:04:46Z INFO hearth::tokenizer] [hearth::tokenizer::Tokenizer<'_>::next_word] next_word       baz
[2026-01-23T23:04:46Z INFO hearth::tokenizer] [hearth::tokenizer::Tokenizer<'_>::next_word] next_word      baz:
[2026-01-23T23:04:46Z INFO hearth::tokenizer] [hearth::tokenizer::Tokenizer<'_>::next_word] next_word     baz: 
[2026-01-23T23:04:46Z INFO hearth::tokenizer] [hearth::tokenizer::Tokenizer<'_>::next_word] next_word    baz: i
[2026-01-23T23:04:46Z INFO hearth::tokenizer] [hearth::tokenizer::Tokenizer<'_>::next_word] next_word   baz: i3
[2026-01-23T23:04:46Z INFO hearth::tokenizer] [hearth::tokenizer::Tokenizer<'_>::next_word] next_word  baz: i32
[2026-01-23T23:04:46Z INFO hearth::tokenizer] [hearth::tokenizer::Tokenizer<'_>::next_word] next_word baz: i32,
[2026-01-23T23:04:46Z INFO hearth::tokenizer] [hearth::tokenizer::Tokenizer<'_>::next_word] next_word az: i32,
[2026-01-23T23:04:46Z INFO hearth::tokenizer] [hearth::tokenizer::Tokenizer<'_>::next_word] next_word z: i32,
[2026-01-23T23:04:46Z INFO hearth::tokenizer] [hearth::tokenizer::Tokenizer<'_>::next_word] next_word i32,
[2026-01-23T23:04:46Z INFO hearth::tokenizer] [hearth::tokenizer::Tokenizer<'_>::next_word] next_word  i32,
[2026-01-23T23:04:46Z INFO hearth::tokenizer] [hearth::tokenizer::Tokenizer<'_>::next_word] next_word i32,

[2026-01-23T23:04:46Z INFO hearth::tokenizer] [hearth::tokenizer::Tokenizer<'_>::next_word] next_word let
[2026-01-23T23:04:46Z INFO hearth::tokenizer] [hearth::tokenizer::Tokenizer<'_>::tokenize] tokenizing variable
[2026-01-23T23:04:46Z INFO hearth::tokenizer] [hearth::tokenizer::Tokenizer<'_>::variable_state_machine] src "az: i32,\n        }\n\n        let baz = \"foo\";\n\n        let barf: [i32] = [1, 2, \"foo\",3];\n\n        let foo = Bar {\n        baz=1\n        };"
[2026-01-23T23:04:46Z INFO hearth::tokenizer] [hearth::tokenizer::Tokenizer<'_>::variable_state_machine] VarIdent 'a'
[2026-01-23T23:04:46Z INFO hearth::tokenizer] [hearth::tokenizer::Tokenizer<'_>::variable_state_machine] VarIdent 'z'
[2026-01-23T23:04:46Z INFO hearth::tokenizer] [hearth::tokenizer::Tokenizer<'_>::variable_state_machine] VarIdent ':'
[2026-01-23T23:04:46Z INFO hearth::tokenizer] [hearth::tokenizer::Tokenizer<'_>::variable_state_machine] TypeID ' '
[2026-01-23T23:04:46Z INFO hearth::tokenizer] [hearth::tokenizer::Tokenizer<'_>::variable_state_machine] TypeID 'i'
[2026-01-23T23:04:46Z INFO hearth::tokenizer] [hearth::tokenizer::Tokenizer<'_>::variable_state_machine] TypeID '3'
[2026-01-23T23:04:46Z INFO hearth::tokenizer] [hearth::tokenizer::Tokenizer<'_>::variable_state_machine] TypeID '2'
[2026-01-23T23:04:46Z INFO hearth::tokenizer] [hearth::tokenizer::Tokenizer<'_>::variable_state_machine] TypeID ','
[2026-01-23T23:05:18Z INFO hearth::tokenizer] [hearth::tokenizer::Tokenizer<'_>::next_word] next_word struct Bar
[2026-01-23T23:05:18Z INFO hearth::tokenizer] [hearth::tokenizer::Tokenizer<'_>::next_word] next_word truct Bar
[2026-01-23T23:05:18Z INFO hearth::tokenizer] [hearth::tokenizer::Tokenizer<'_>::next_word] next_word ruct Bar
[2026-01-23T23:05:18Z INFO hearth::tokenizer] [hearth::tokenizer::Tokenizer<'_>::next_word] next_word uct Bar
[2026-01-23T23:05:18Z INFO hearth::tokenizer] [hearth::tokenizer::Tokenizer<'_>::next_word] next_word ct Bar
[2026-01-23T23:05:18Z INFO hearth::tokenizer] [hearth::tokenizer::Tokenizer<'_>::next_word] next_word t Bar
[2026-01-23T23:05:18Z INFO hearth::tokenizer] [hearth::tokenizer::Tokenizer<'_>::next_word] next_word  Bar 
[2026-01-23T23:05:18Z INFO hearth::tokenizer] [hearth::tokenizer::Tokenizer<'_>::next_word] next_word Bar {
[2026-01-23T23:05:18Z INFO hearth::tokenizer] [hearth::tokenizer::Tokenizer<'_>::next_word] next_word ar {
[2026-01-23T23:05:18Z INFO hearth::tokenizer] [hearth::tokenizer::Tokenizer<'_>::next_word] next_word r {
[2026-01-23T23:05:18Z INFO hearth::tokenizer] [hearth::tokenizer::Tokenizer<'_>::next_word] next_word  baz
[2026-01-23T23:05:18Z INFO hearth::tokenizer] [hearth::tokenizer::Tokenizer<'_>::next_word] next_word baz:
[2026-01-23T23:05:18Z INFO hearth::tokenizer] [hearth::tokenizer::Tokenizer<'_>::next_word] next_word 
        
[2026-01-23T23:05:18Z INFO hearth::tokenizer] [hearth::tokenizer::Tokenizer<'_>::next_word] next_word          
[2026-01-23T23:05:18Z INFO hearth::tokenizer] [hearth::tokenizer::Tokenizer<'_>::next_word] next_word          
[2026-01-23T23:05:18Z INFO hearth::tokenizer] [hearth::tokenizer::Tokenizer<'_>::next_word] next_word          
[2026-01-23T23:05:18Z INFO hearth::tokenizer] [hearth::tokenizer::Tokenizer<'_>::next_word] next_word          
[2026-01-23T23:05:18Z INFO hearth::tokenizer] [hearth::tokenizer::Tokenizer<'_>::next_word] next_word         b
[2026-01-23T23:05:18Z INFO hearth::tokenizer] [hearth::tokenizer::Tokenizer<'_>::next_word] next_word        ba
[2026-01-23T23:05:18Z INFO hearth::tokenizer] [hearth::tokenizer::Tokenizer<'_>::next_word] next_word       baz
[2026-01-23T23:05:18Z INFO hearth::tokenizer] [hearth::tokenizer::Tokenizer<'_>::next_word] next_word      baz:
[2026-01-23T23:05:18Z INFO hearth::tokenizer] [hearth::tokenizer::Tokenizer<'_>::next_word] next_word     baz: 
[2026-01-23T23:05:18Z INFO hearth::tokenizer] [hearth::tokenizer::Tokenizer<'_>::next_word] next_word    baz: i
[2026-01-23T23:05:18Z INFO hearth::tokenizer] [hearth::tokenizer::Tokenizer<'_>::next_word] next_word   baz: i3
[2026-01-23T23:05:18Z INFO hearth::tokenizer] [hearth::tokenizer::Tokenizer<'_>::next_word] next_word  baz: i32
[2026-01-23T23:05:18Z INFO hearth::tokenizer] [hearth::tokenizer::Tokenizer<'_>::next_word] next_word baz: i32,
[2026-01-23T23:05:18Z INFO hearth::tokenizer] [hearth::tokenizer::Tokenizer<'_>::next_word] next_word az: i32,
[2026-01-23T23:05:18Z INFO hearth::tokenizer] [hearth::tokenizer::Tokenizer<'_>::next_word] next_word z: i32,
[2026-01-23T23:05:18Z INFO hearth::tokenizer] [hearth::tokenizer::Tokenizer<'_>::next_word] next_word i32,
[2026-01-23T23:05:18Z INFO hearth::tokenizer] [hearth::tokenizer::Tokenizer<'_>::next_word] next_word  i32,
[2026-01-23T23:05:18Z INFO hearth::tokenizer] [hearth::tokenizer::Tokenizer<'_>::next_word] next_word i32,

[2026-01-23T23:05:18Z INFO hearth::tokenizer] [hearth::tokenizer::Tokenizer<'_>::next_word] next_word let
[2026-01-23T23:05:18Z INFO hearth::tokenizer] [hearth::tokenizer::Tokenizer<'_>::tokenize] tokenizing variable
[2026-01-23T23:05:18Z INFO hearth::tokenizer] [hearth::tokenizer::Tokenizer<'_>::variable_state_machine] src "az: i32,\n        }\n\n        let baz = \"foo\";\n\n        let barf: [i32] = [1, 2, \"foo\",3];\n\n        let foo = Bar {\n        baz=1\n        };"
[2026-01-23T23:05:18Z INFO hearth::tokenizer] [hearth::tokenizer::Tokenizer<'_>::variable_state_machine] VarIdent 'a'
[2026-01-23T23:05:18Z INFO hearth::tokenizer] [hearth::tokenizer::Tokenizer<'_>::variable_state_machine] VarIdent 'z'
[2026-01-23T23:05:18Z INFO hearth::tokenizer] [hearth::tokenizer::Tokenizer<'_>::variable_state_machine] VarIdent ':'
[2026-01-23T23:05:18Z INFO hearth::tokenizer] [hearth::tokenizer::Tokenizer<'_>::variable_state_machine] TypeID ' '
[2026-01-23T23:05:18Z INFO hearth::tokenizer] [hearth::tokenizer::Tokenizer<'_>::variable_state_machine] TypeID 'i'
[2026-01-23T23:05:18Z INFO hearth::tokenizer] [hearth::tokenizer::Tokenizer<'_>::variable_state_machine] TypeID '3'
[2026-01-23T23:05:18Z INFO hearth::tokenizer] [hearth::tokenizer::Tokenizer<'_>::variable_state_machine] TypeID '2'
[2026-01-23T23:05:18Z INFO hearth::tokenizer] [hearth::tokenizer::Tokenizer<'_>::variable_state_machine] TypeID ','
[2026-01-23T23:06:38Z INFO hearth::tokenizer] [hearth::tokenizer::Tokenizer<'_>::next_word] next_word struct Bar
[2026-01-23T23:06:38Z INFO hearth::tokenizer] [hearth::tokenizer::Tokenizer<'_>::next_word] next_word truct Bar
[2026-01-23T23:06:38Z INFO hearth::tokenizer] [hearth::tokenizer::Tokenizer<'_>::next_word] next_word ruct Bar
[2026-01-23T23:06:38Z INFO hearth::tokenizer] [hearth::tokenizer::Tokenizer<'_>::next_word] next_word uct Bar
[2026-01-23T23:06:38Z INFO hearth::tokenizer] [hearth::tokenizer::Tokenizer<'_>::next_word] next_word ct Bar
[2026-01-23T23:06:38Z INFO hearth::tokenizer] [hearth::tokenizer::Tokenizer<'_>::next_word] next_word t Bar
[2026-01-23T23:06:38Z INFO hearth::tokenizer] [hearth::tokenizer::Tokenizer<'_>::next_word] next_word  Bar 
[2026-01-23T23:06:38Z INFO hearth::tokenizer] [hearth::tokenizer::Tokenizer<'_>::next_word] next_word Bar {
[2026-01-23T23:06:38Z INFO hearth::tokenizer] [hearth::tokenizer::Tokenizer<'_>::next_word] next_word ar {
[2026-01-23T23:06:38Z INFO hearth::tokenizer] [hearth::tokenizer::Tokenizer<'_>::next_word] next_word r {
[2026-01-23T23:06:38Z INFO hearth::tokenizer] [hearth::tokenizer::Tokenizer<'_>::next_word] next_word  baz
[2026-01-23T23:06:38Z INFO hearth::tokenizer] [hearth::tokenizer::Tokenizer<'_>::next_word] next_word baz:
[2026-01-23T23:06:38Z INFO hearth::tokenizer] [hearth::tokenizer::Tokenizer<'_>::next_word] next_word 
        
[2026-01-23T23:06:38Z INFO hearth::tokenizer] [hearth::tokenizer::Tokenizer<'_>::next_word] next_word          
[2026-01-23T23:06:38Z INFO hearth::tokenizer] [hearth::tokenizer::Tokenizer<'_>::next_word] next_word          
[2026-01-23T23:06:38Z INFO hearth::tokenizer] [hearth::tokenizer::Tokenizer<'_>::next_word] next_word          
[2026-01-23T23:06:38Z INFO hearth::tokenizer] [hearth::tokenizer::Tokenizer<'_>::next_word] next_word          
[2026-01-23T23:06:38Z INFO hearth::tokenizer] [hearth::tokenizer::Tokenizer<'_>::next_word] next_word         b
[2026-01-23T23:06:38Z INFO hearth::tokenizer] [hearth::tokenizer::Tokenizer<'_>::next_word] next_word        ba
[2026-01-23T23:06:38Z INFO hearth::tokenizer] [hearth::tokenizer::Tokenizer<'_>::next_word] next_word       baz
[2026-01-23T23:06:38Z INFO hearth::tokenizer] [hearth::tokenizer::Tokenizer<'_>::next_word] next_word      baz:
[2026-01-23T23:06:38Z INFO hearth::tokenizer] [hearth::tokenizer::Tokenizer<'_>::next_word] next_word     baz: 
[2026-01-23T23:06:38Z INFO hearth::tokenizer] [hearth::tokenizer::Tokenizer<'_>::next_word] next_word    baz: i
[2026-01-23T23:06:38Z INFO hearth::tokenizer] [hearth::tokenizer::Tokenizer<'_>::next_word] next_word   baz: i3
[2026-01-23T23:06:38Z INFO hearth::tokenizer] [hearth::tokenizer::Tokenizer<'_>::next_word] next_word  baz: i32
[2026-01-23T23:06:38Z INFO hearth::tokenizer] [hearth::tokenizer::Tokenizer<'_>::next_word] next_word baz: i32,
[2026-01-23T23:06:38Z INFO hearth::tokenizer] [hearth::tokenizer::Tokenizer<'_>::next_word] next_word az: i32,
[2026-01-23T23:06:38Z INFO hearth::tokenizer] [hearth::tokenizer::Tokenizer<'_>::next_word] next_word z: i32,
[2026-01-23T23:06:38Z INFO hearth::tokenizer] [hearth::tokenizer::Tokenizer<'_>::next_word] next_word i32,
[2026-01-23T23:06:38Z INFO hearth::tokenizer] [hearth::tokenizer::Tokenizer<'_>::next_word] next_word  i32,
[2026-01-23T23:06:38Z INFO hearth::tokenizer] [hearth::tokenizer::Tokenizer<'_>::next_word] next_word i32,

[2026-01-23T23:06:38Z INFO hearth::tokenizer] [hearth::tokenizer::Tokenizer<'_>::next_word] next_word let
[2026-01-23T23:06:38Z INFO hearth::tokenizer] [hearth::tokenizer::Tokenizer<'_>::tokenize] tokenizing variable
[2026-01-23T23:06:38Z INFO hearth::tokenizer] [hearth::tokenizer::Tokenizer<'_>::variable_state_machine] src "az: i32,\n        }\n\n        let baz = \"foo\";\n\n        let barf: [i32] = [1, 2, \"foo\",3];\n\n        let foo = Bar {\n        baz=1\n        };"
[2026-01-23T23:06:38Z INFO hearth::tokenizer] [hearth::tokenizer::Tokenizer<'_>::variable_state_machine] VarIdent 'a'
[2026-01-23T23:06:38Z INFO hearth::tokenizer] [hearth::tokenizer::Tokenizer<'_>::variable_state_machine] VarIdent 'z'
[2026-01-23T23:06:38Z INFO hearth::tokenizer] [hearth::tokenizer::Tokenizer<'_>::variable_state_machine] VarIdent ':'
[2026-01-23T23:06:38Z INFO hearth::tokenizer] [hearth::tokenizer::Tokenizer<'_>::variable_state_machine] TypeID ' '
[2026-01-23T23:06:38Z INFO hearth::tokenizer] [hearth::tokenizer::Tokenizer<'_>::variable_state_machine] TypeID 'i'
[2026-01-23T23:06:38Z INFO hearth::tokenizer] [hearth::tokenizer::Tokenizer<'_>::variable_state_machine] TypeID '3'
[2026-01-23T23:06:38Z INFO hearth::tokenizer] [hearth::tokenizer::Tokenizer<'_>::variable_state_machine] TypeID '2'
[2026-01-23T23:06:38Z INFO hearth::tokenizer] [hearth::tokenizer::Tokenizer<'_>::variable_state_machine] TypeID ','
[2026-01-23T23:07:00Z INFO hearth::tokenizer] [hearth::tokenizer::Tokenizer<'_>::next_word] next_word struct Bar
[2026-01-23T23:07:00Z INFO hearth::tokenizer] [hearth::tokenizer::Tokenizer<'_>::next_word] next_word truct Bar
[2026-01-23T23:07:00Z INFO hearth::tokenizer] [hearth::tokenizer::Tokenizer<'_>::next_word] next_word ruct Bar
[2026-01-23T23:07:00Z INFO hearth::tokenizer] [hearth::tokenizer::Tokenizer<'_>::next_word] next_word uct Bar
[2026-01-23T23:07:00Z INFO hearth::tokenizer] [hearth::tokenizer::Tokenizer<'_>::next_word] next_word ct Bar
[2026-01-23T23:07:00Z INFO hearth::tokenizer] [hearth::tokenizer::Tokenizer<'_>::next_word] next_word t Bar
[2026-01-23T23:07:00Z INFO hearth::tokenizer] [hearth::tokenizer::Tokenizer<'_>::next_word] next_word  Bar 
[2026-01-23T23:07:00Z INFO hearth::tokenizer] [hearth::tokenizer::Tokenizer<'_>::next_word] next_word Bar {
[2026-01-23T23:07:00Z INFO hearth::tokenizer] [hearth::tokenizer::Tokenizer<'_>::next_word] next_word ar {
[2026-01-23T23:07:00Z INFO hearth::tokenizer] [hearth::tokenizer::Tokenizer<'_>::next_word] next_word r {
[2026-01-23T23:07:00Z INFO hearth::tokenizer] [hearth::tokenizer::Tokenizer<'_>::next_word] next_word  baz
[2026-01-23T23:07:00Z INFO hearth::tokenizer] [hearth::tokenizer::Tokenizer<'_>::next_word] next_word baz:
[2026-01-23T23:07:00Z INFO hearth::tokenizer] [hearth::tokenizer::Tokenizer<'_>::next_word] next_word 
        
[2026-01-23T23:07:00Z INFO hearth::tokenizer] [hearth::tokenizer::Tokenizer<'_>::next_word] next_word          
[2026-01-23T23:07:00Z INFO hearth::tokenizer] [hearth::tokenizer::Tokenizer<'_>::next_word] next_word          
[2026-01-23T23:07:00Z INFO hearth::tokenizer] [hearth::tokenizer::Tokenizer<'_>::next_word] next_word          
[2026-01-23T23:07:00Z INFO hearth::tokenizer] [hearth::tokenizer::Tokenizer<'_>::next_word] next_word          
[2026-01-23T23:07:00Z INFO hearth::tokenizer] [hearth::tokenizer::Tokenizer<'_>::next_word] next_word         b
[2026-01-23T23:07:00Z INFO hearth::tokenizer] [hearth::tokenizer::Tokenizer<'_>::next_word] next_word        ba
[2026-01-23T23:07:00Z INFO hearth::tokenizer] [hearth::tokenizer::Tokenizer<'_>::next_word] next_word       baz
[2026-01-23T23:07:00Z INFO hearth::tokenizer] [hearth::tokenizer::Tokenizer<'_>::next_word] next_word      baz:
[2026-01-23T23:07:00Z INFO hearth::tokenizer] [hearth::tokenizer::Tokenizer<'_>::next_word] next_word     baz: 
[2026-01-23T23:07:00Z INFO hearth::tokenizer] [hearth::tokenizer::Tokenizer<'_>::next_word] next_word    baz: i
[2026-01-23T23:07:00Z INFO hearth::tokenizer] [hearth::tokenizer::Tokenizer<'_>::next_word] next_word   baz: i3
[2026-01-23T23:07:00Z INFO hearth::tokenizer] [hearth::tokenizer::Tokenizer<'_>::next_word] next_word  baz: i32
[2026-01-23T23:07:00Z INFO hearth::tokenizer] [hearth::tokenizer::Tokenizer<'_>::next_word] next_word baz: i32,
[2026-01-23T23:07:00Z INFO hearth::tokenizer] [hearth::tokenizer::Tokenizer<'_>::next_word] next_word az: i32,
[2026-01-23T23:07:00Z INFO hearth::tokenizer] [hearth::tokenizer::Tokenizer<'_>::next_word] next_word z: i32,
[2026-01-23T23:07:00Z INFO hearth::tokenizer] [hearth::tokenizer::Tokenizer<'_>::next_word] next_word i32,
[2026-01-23T23:07:00Z INFO hearth::tokenizer] [hearth::tokenizer::Tokenizer<'_>::next_word] next_word  i32,
[2026-01-23T23:07:00Z INFO hearth::tokenizer] [hearth::tokenizer::Tokenizer<'_>::next_word] next_word i32,

[2026-01-23T23:07:00Z INFO hearth::tokenizer] [hearth::tokenizer::Tokenizer<'_>::next_word] next_word let
[2026-01-23T23:07:00Z INFO hearth::tokenizer] [hearth::tokenizer::Tokenizer<'_>::tokenize] tokenizing variable
[2026-01-23T23:07:00Z INFO hearth::tokenizer] [hearth::tokenizer::Tokenizer<'_>::variable_state_machine] src "az: i32,\n        }\n\n        let baz = \"foo\";\n\n        let barf: [i32] = [1, 2, \"foo\",3];\n\n        let foo = Bar {\n        baz=1\n        };"
[2026-01-23T23:07:00Z INFO hearth::tokenizer] [hearth::tokenizer::Tokenizer<'_>::variable_state_machine] VarIdent 'a'
[2026-01-23T23:07:00Z INFO hearth::tokenizer] [hearth::tokenizer::Tokenizer<'_>::variable_state_machine] VarIdent 'z'
[2026-01-23T23:07:00Z INFO hearth::tokenizer] [hearth::tokenizer::Tokenizer<'_>::variable_state_machine] VarIdent ':'
[2026-01-23T23:07:00Z INFO hearth::tokenizer] [hearth::tokenizer::Tokenizer<'_>::variable_state_machine] TypeID ' '
[2026-01-23T23:07:00Z INFO hearth::tokenizer] [hearth::tokenizer::Tokenizer<'_>::variable_state_machine] TypeID 'i'
[2026-01-23T23:07:00Z INFO hearth::tokenizer] [hearth::tokenizer::Tokenizer<'_>::variable_state_machine] TypeID '3'
[2026-01-23T23:07:00Z INFO hearth::tokenizer] [hearth::tokenizer::Tokenizer<'_>::variable_state_machine] TypeID '2'
[2026-01-23T23:07:00Z INFO hearth::tokenizer] [hearth::tokenizer::Tokenizer<'_>::variable_state_machine] TypeID ','
[2026-01-23T23:07:22Z INFO hearth::tokenizer] [hearth::tokenizer::Tokenizer<'_>::next_word] next_word struct Bar
[2026-01-23T23:07:22Z INFO hearth::tokenizer] [hearth::tokenizer::Tokenizer<'_>::next_word] next_word truct Bar
[2026-01-23T23:07:22Z INFO hearth::tokenizer] [hearth::tokenizer::Tokenizer<'_>::next_word] next_word ruct Bar
[2026-01-23T23:07:22Z INFO hearth::tokenizer] [hearth::tokenizer::Tokenizer<'_>::next_word] next_word uct Bar
[2026-01-23T23:07:22Z INFO hearth::tokenizer] [hearth::tokenizer::Tokenizer<'_>::next_word] next_word ct Bar
[2026-01-23T23:07:22Z INFO hearth::tokenizer] [hearth::tokenizer::Tokenizer<'_>::next_word] next_word t Bar
[2026-01-23T23:07:22Z INFO hearth::tokenizer] [hearth::tokenizer::Tokenizer<'_>::next_word] next_word  Bar 
[2026-01-23T23:07:22Z INFO hearth::tokenizer] [hearth::tokenizer::Tokenizer<'_>::next_word] next_word Bar {
[2026-01-23T23:07:22Z INFO hearth::tokenizer] [hearth::tokenizer::Tokenizer<'_>::next_word] next_word ar {
[2026-01-23T23:07:22Z INFO hearth::tokenizer] [hearth::tokenizer::Tokenizer<'_>::next_word] next_word r {
[2026-01-23T23:07:22Z INFO hearth::tokenizer] [hearth::tokenizer::Tokenizer<'_>::next_word] next_word  baz
[2026-01-23T23:07:22Z INFO hearth::tokenizer] [hearth::tokenizer::Tokenizer<'_>::next_word] next_word baz:
[2026-01-23T23:07:22Z INFO hearth::tokenizer] [hearth::tokenizer::Tokenizer<'_>::next_word] next_word 
        
[2026-01-23T23:07:22Z INFO hearth::tokenizer] [hearth::tokenizer::Tokenizer<'_>::next_word] next_word          
[2026-01-23T23:07:22Z INFO hearth::tokenizer] [hearth::tokenizer::Tokenizer<'_>::next_word] next_word          
[2026-01-23T23:07:22Z INFO hearth::tokenizer] [hearth::tokenizer::Tokenizer<'_>::next_word] next_word          
[2026-01-23T23:07:22Z INFO hearth::tokenizer] [hearth::tokenizer::Tokenizer<'_>::next_word] next_word          
[2026-01-23T23:07:22Z INFO hearth::tokenizer] [hearth::tokenizer::Tokenizer<'_>::next_word] next_word         b
[2026-01-23T23:07:22Z INFO hearth::tokenizer] [hearth::tokenizer::Tokenizer<'_>::next_word] next_word        ba
[2026-01-23T23:07:22Z INFO hearth::tokenizer] [hearth::tokenizer::Tokenizer<'_>::next_word] next_word       baz
[2026-01-23T23:07:22Z INFO hearth::tokenizer] [hearth::tokenizer::Tokenizer<'_>::next_word] next_word      baz:
[2026-01-23T23:07:22Z INFO hearth::tokenizer] [hearth::tokenizer::Tokenizer<'_>::next_word] next_word     baz: 
[2026-01-23T23:07:22Z INFO hearth::tokenizer] [hearth::tokenizer::Tokenizer<'_>::next_word] next_word    baz: i
[2026-01-23T23:07:22Z INFO hearth::tokenizer] [hearth::tokenizer::Tokenizer<'_>::next_word] next_word   baz: i3
[2026-01-23T23:07:22Z INFO hearth::tokenizer] [hearth::tokenizer::Tokenizer<'_>::next_word] next_word  baz: i32
[2026-01-23T23:07:22Z INFO hearth::tokenizer] [hearth::tokenizer::Tokenizer<'_>::next_word] next_word baz: i32,
[2026-01-23T23:07:22Z INFO hearth::tokenizer] [hearth::tokenizer::Tokenizer<'_>::next_word] next_word az: i32,
[2026-01-23T23:07:22Z INFO hearth::tokenizer] [hearth::tokenizer::Tokenizer<'_>::next_word] next_word z: i32,
[2026-01-23T23:07:22Z INFO hearth::tokenizer] [hearth::tokenizer::Tokenizer<'_>::next_word] next_word i32,
[2026-01-23T23:07:22Z INFO hearth::tokenizer] [hearth::tokenizer::Tokenizer<'_>::next_word] next_word  i32,
[2026-01-23T23:07:22Z INFO hearth::tokenizer] [hearth::tokenizer::Tokenizer<'_>::next_word] next_word i32,

[2026-01-23T23:07:22Z INFO hearth::tokenizer] [hearth::tokenizer::Tokenizer<'_>::next_word] next_word let
[2026-01-23T23:07:22Z INFO hearth::tokenizer] [hearth::tokenizer::Tokenizer<'_>::tokenize] tokenizing variable
[2026-01-23T23:07:22Z INFO hearth::tokenizer] [hearth::tokenizer::Tokenizer<'_>::variable_state_machine] src "az: i32,\n        }\n\n        let baz = \"foo\";\n\n        let barf: [i32] = [1, 2, \"foo\",3];\n\n        let foo = Bar {\n        baz=1\n        };"
[2026-01-23T23:07:22Z INFO hearth::tokenizer] [hearth::tokenizer::Tokenizer<'_>::variable_state_machine] VarIdent 'a'
[2026-01-23T23:07:22Z INFO hearth::tokenizer] [hearth::tokenizer::Tokenizer<'_>::variable_state_machine] VarIdent 'z'
[2026-01-23T23:07:22Z INFO hearth::tokenizer] [hearth::tokenizer::Tokenizer<'_>::variable_state_machine] VarIdent ':'
[2026-01-23T23:07:22Z INFO hearth::tokenizer] [hearth::tokenizer::Tokenizer<'_>::variable_state_machine] TypeID ' '
[2026-01-23T23:07:22Z INFO hearth::tokenizer] [hearth::tokenizer::Tokenizer<'_>::variable_state_machine] TypeID 'i'
[2026-01-23T23:07:22Z INFO hearth::tokenizer] [hearth::tokenizer::Tokenizer<'_>::variable_state_machine] TypeID '3'
[2026-01-23T23:07:22Z INFO hearth::tokenizer] [hearth::tokenizer::Tokenizer<'_>::variable_state_machine] TypeID '2'
[2026-01-23T23:07:22Z INFO hearth::tokenizer] [hearth::tokenizer::Tokenizer<'_>::variable_state_machine] TypeID ','
[2026-01-23T23:07:35Z INFO hearth::parser::parser_test] foo
[2026-01-23T23:08:21Z INFO hearth::parser::parser_test] foo
[2026-01-23T23:08:21Z INFO hearth::tokenizer] [hearth::tokenizer::Tokenizer<'_>::next_word] next_word let foo
[2026-01-23T23:08:21Z INFO hearth::tokenizer] [hearth::tokenizer::Tokenizer<'_>::next_word] next_word et foo
[2026-01-23T23:08:21Z INFO hearth::tokenizer] [hearth::tokenizer::Tokenizer<'_>::next_word] next_word t foo
[2026-01-23T23:08:21Z INFO hearth::tokenizer::test] [hearth::tokenizer::test::str_var] []
[2026-01-23T23:08:21Z INFO hearth::tokenizer] [hearth::tokenizer::Tokenizer<'_>::next_word] next_word  foo 
[2026-01-23T23:08:21Z INFO hearth::tokenizer] [hearth::tokenizer::Tokenizer<'_>::next_word] next_word foo =
[2026-01-23T23:08:21Z INFO hearth::tokenizer] [hearth::tokenizer::Tokenizer<'_>::next_word] next_word oo =
[2026-01-23T23:08:21Z INFO hearth::tokenizer] [hearth::tokenizer::Tokenizer<'_>::next_word] next_word o =
[2026-01-23T23:08:38Z INFO hearth::parser::parser_test] foo
[2026-01-23T23:13:43Z INFO hearth::parser::parser_test] foo
[2026-01-23T23:13:43Z INFO hearth::tokenizer] [hearth::tokenizer::Tokenizer<'_>::next_word] next_word let foo
[2026-01-23T23:13:43Z INFO hearth::tokenizer] [hearth::tokenizer::Tokenizer<'_>::next_word] next_word et foo
[2026-01-23T23:13:43Z INFO hearth::tokenizer] [hearth::tokenizer::Tokenizer<'_>::next_word] next_word t foo
[2026-01-23T23:13:43Z INFO hearth::tokenizer] [hearth::tokenizer::Tokenizer<'_>::next_word] next_word let foo
[2026-01-23T23:13:43Z INFO hearth::tokenizer] [hearth::tokenizer::Tokenizer<'_>::next_word] next_word et foo
[2026-01-23T23:13:43Z INFO hearth::tokenizer] [hearth::tokenizer::Tokenizer<'_>::next_word] next_word  foo 
[2026-01-23T23:13:43Z INFO hearth::tokenizer] [hearth::tokenizer::Tokenizer<'_>::next_word] next_word let foo:
[2026-01-23T23:13:43Z INFO hearth::tokenizer::test] [hearth::tokenizer::test::str_var] []
[2026-01-23T23:13:43Z INFO hearth::tokenizer] [hearth::tokenizer::Tokenizer<'_>::next_word] next_word struct Foo
[2026-01-23T23:13:43Z INFO hearth::tokenizer] [hearth::tokenizer::Tokenizer<'_>::next_word] next_word t foo
[2026-01-23T23:13:43Z INFO hearth::tokenizer] [hearth::tokenizer::Tokenizer<'_>::next_word] next_word et foo:
[2026-01-23T23:13:43Z INFO hearth::tokenizer] [hearth::tokenizer::Tokenizer<'_>::next_word] next_word  foo 
[2026-01-23T23:13:43Z INFO hearth::tokenizer] [hearth::tokenizer::Tokenizer<'_>::next_word] next_word t foo:
[2026-01-23T23:13:43Z INFO hearth::tokenizer] [hearth::tokenizer::Tokenizer<'_>::next_word] next_word foo =
[2026-01-23T23:13:43Z INFO hearth::tokenizer] [hearth::tokenizer::Tokenizer<'_>::next_word] next_word struct foo
[2026-01-23T23:13:43Z INFO hearth::tokenizer] [hearth::tokenizer::Tokenizer<'_>::next_word] next_word oo =
[2026-01-23T23:13:43Z INFO hearth::tokenizer] [hearth::tokenizer::Tokenizer<'_>::next_word] next_word truct Foo
[2026-01-23T23:13:43Z INFO hearth::tokenizer] [hearth::tokenizer::Tokenizer<'_>::next_word] next_word foo =
[2026-01-23T23:13:43Z INFO hearth::tokenizer] [hearth::tokenizer::Tokenizer<'_>::next_word] next_word  foo: [i32
[2026-01-23T23:13:43Z INFO hearth::tokenizer] [hearth::tokenizer::Tokenizer<'_>::next_word] next_word truct foo
[2026-01-23T23:13:43Z INFO hearth::tokenizer] [hearth::tokenizer::Tokenizer<'_>::next_word] next_word ruct foo
[2026-01-23T23:13:43Z INFO hearth::tokenizer] [hearth::tokenizer::Tokenizer<'_>::next_word] next_word uct foo
[2026-01-23T23:13:43Z INFO hearth::tokenizer] [hearth::tokenizer::Tokenizer<'_>::next_word] next_word ct foo
[2026-01-23T23:13:43Z INFO hearth::tokenizer] [hearth::tokenizer::Tokenizer<'_>::next_word] next_word t foo
[2026-01-23T23:13:43Z INFO hearth::tokenizer] [hearth::tokenizer::Tokenizer<'_>::next_word] next_word  foo 
[2026-01-23T23:13:43Z INFO hearth::tokenizer] [hearth::tokenizer::Tokenizer<'_>::next_word] next_word foo {
[2026-01-23T23:13:43Z INFO hearth::tokenizer] [hearth::tokenizer::Tokenizer<'_>::next_word] next_word oo {
[2026-01-23T23:13:43Z INFO hearth::tokenizer] [hearth::tokenizer::Tokenizer<'_>::next_word] next_word o {
[2026-01-23T23:13:43Z INFO hearth::tokenizer] [hearth::tokenizer::Tokenizer<'_>::next_word] next_word  bar
[2026-01-23T23:13:43Z INFO hearth::tokenizer] [hearth::tokenizer::Tokenizer<'_>::next_word] next_word bar:
[2026-01-23T23:13:43Z INFO hearth::tokenizer] [hearth::tokenizer::Tokenizer<'_>::next_word] next_word 
        
[2026-01-23T23:13:43Z INFO hearth::tokenizer] [hearth::tokenizer::Tokenizer<'_>::next_word] next_word          
[2026-01-23T23:13:43Z INFO hearth::tokenizer] [hearth::tokenizer::Tokenizer<'_>::next_word] next_word          
[2026-01-23T23:13:43Z INFO hearth::tokenizer] [hearth::tokenizer::Tokenizer<'_>::next_word] next_word          
[2026-01-23T23:13:43Z INFO hearth::tokenizer] [hearth::tokenizer::Tokenizer<'_>::next_word] next_word          
[2026-01-23T23:13:43Z INFO hearth::tokenizer] [hearth::tokenizer::Tokenizer<'_>::next_word] next_word         b
[2026-01-23T23:13:43Z INFO hearth::tokenizer] [hearth::tokenizer::Tokenizer<'_>::next_word] next_word        ba
[2026-01-23T23:13:43Z INFO hearth::tokenizer] [hearth::tokenizer::Tokenizer<'_>::next_word] next_word       bar
[2026-01-23T23:13:43Z INFO hearth::tokenizer] [hearth::tokenizer::Tokenizer<'_>::next_word] next_word      bar:
[2026-01-23T23:13:43Z INFO hearth::tokenizer] [hearth::tokenizer::Tokenizer<'_>::next_word] next_word     bar: 
[2026-01-23T23:13:43Z INFO hearth::tokenizer] [hearth::tokenizer::Tokenizer<'_>::next_word] next_word    bar: i
[2026-01-23T23:13:43Z INFO hearth::tokenizer] [hearth::tokenizer::Tokenizer<'_>::next_word] next_word   bar: i3
[2026-01-23T23:13:43Z INFO hearth::tokenizer] [hearth::tokenizer::Tokenizer<'_>::next_word] next_word  bar: i32
[2026-01-23T23:13:43Z INFO hearth::tokenizer] [hearth::tokenizer::Tokenizer<'_>::next_word] next_word bar: i32,
[2026-01-23T23:13:43Z INFO hearth::tokenizer] [hearth::tokenizer::Tokenizer<'_>::next_word] next_word ar: i32,
[2026-01-23T23:13:43Z INFO hearth::tokenizer] [hearth::tokenizer::Tokenizer<'_>::next_word] next_word r: i32,
[2026-01-23T23:13:43Z INFO hearth::tokenizer] [hearth::tokenizer::Tokenizer<'_>::next_word] next_word i32,
[2026-01-23T23:13:43Z INFO hearth::tokenizer] [hearth::tokenizer::Tokenizer<'_>::next_word] next_word  i32,
[2026-01-23T23:13:43Z INFO hearth::tokenizer] [hearth::tokenizer::Tokenizer<'_>::next_word] next_word i32,

[2026-01-23T23:13:43Z INFO hearth::tokenizer] [hearth::tokenizer::Tokenizer<'_>::next_word] next_word o =
[2026-01-23T23:13:43Z INFO hearth::tokenizer] [hearth::tokenizer::Tokenizer<'_>::next_word] next_word ruct Foo
[2026-01-23T23:13:43Z INFO hearth::tokenizer] [hearth::tokenizer::Tokenizer<'_>::next_word] next_word oo =
[2026-01-23T23:13:43Z INFO hearth::tokenizer] [hearth::tokenizer::Tokenizer<'_>::next_word] next_word foo: [i32]
[2026-01-23T23:13:43Z INFO hearth::tokenizer] [hearth::tokenizer::Tokenizer<'_>::next_word] next_word oo: [i32]
[2026-01-23T23:13:43Z INFO hearth::tokenizer] [hearth::tokenizer::Tokenizer<'_>::next_word] next_word o: [i32]
[2026-01-23T23:13:43Z INFO hearth::tokenizer] [hearth::tokenizer::Tokenizer<'_>::next_word] next_word i32]
[2026-01-23T23:13:43Z INFO hearth::tokenizer] [hearth::tokenizer::Tokenizer<'_>::next_word] next_word [i32] 
[2026-01-23T23:13:43Z INFO hearth::tokenizer] [hearth::tokenizer::Tokenizer<'_>::next_word] next_word i32] =
[2026-01-23T23:13:43Z INFO hearth::tokenizer] [hearth::tokenizer::Tokenizer<'_>::next_word] next_word i32] =
[2026-01-23T23:13:43Z INFO hearth::tokenizer] [hearth::tokenizer::Tokenizer<'_>::next_word] next_word foo"];
[2026-01-23T23:13:43Z INFO hearth::tokenizer] [hearth::tokenizer::Tokenizer<'_>::next_word] next_word foo"];
[2026-01-23T23:13:43Z INFO hearth::tokenizer] [hearth::tokenizer::Tokenizer<'_>::next_word] next_word foo"];
[2026-01-23T23:13:43Z INFO hearth::tokenizer] [hearth::tokenizer::Tokenizer<'_>::next_word] next_word "foo"]
[2026-01-23T23:13:43Z INFO hearth::tokenizer] [hearth::tokenizer::Tokenizer<'_>::next_word] next_word foo"];
[2026-01-23T23:13:43Z INFO hearth::tokenizer] [hearth::tokenizer::Tokenizer<'_>::next_word] next_word "foo"]
[2026-01-23T23:13:43Z INFO hearth::tokenizer] [hearth::tokenizer::Tokenizer<'_>::next_word] next_word foo"];
[2026-01-23T23:13:43Z INFO hearth::tokenizer] [hearth::tokenizer::Tokenizer<'_>::next_word] next_word foo"];
[2026-01-23T23:13:43Z INFO hearth::tokenizer] [hearth::tokenizer::Tokenizer<'_>::next_word] next_word foo"];
[2026-01-23T23:13:43Z INFO hearth::tokenizer] [hearth::tokenizer::Tokenizer<'_>::next_word] next_word "foo"]
[2026-01-23T23:13:43Z INFO hearth::tokenizer] [hearth::tokenizer::Tokenizer<'_>::next_word] next_word foo"];
[2026-01-23T23:13:43Z INFO hearth::tokenizer] [hearth::tokenizer::Tokenizer<'_>::next_word] next_word foo"];
[2026-01-23T23:13:43Z INFO hearth::tokenizer] [hearth::tokenizer::Tokenizer<'_>::next_word] next_word "foo"]
[2026-01-23T23:13:43Z INFO hearth::tokenizer] [hearth::tokenizer::Tokenizer<'_>::next_word] next_word foo"];
[2026-01-23T23:13:43Z INFO hearth::tokenizer] [hearth::tokenizer::Tokenizer<'_>::next_word] next_word foo"];
[2026-01-23T23:13:43Z INFO hearth::tokenizer] [hearth::tokenizer::Tokenizer<'_>::next_word] next_word "foo"];
[2026-01-23T23:13:43Z INFO hearth::tokenizer] [hearth::tokenizer::Tokenizer<'_>::next_word] next_word foo"];

[2026-01-23T23:13:43Z INFO hearth::tokenizer] [hearth::tokenizer::Tokenizer<'_>::next_word] next_word foo"];

[2026-01-23T23:13:43Z INFO hearth::tokenizer] [hearth::tokenizer::Tokenizer<'_>::next_word] next_word oo"];

[2026-01-23T23:13:43Z INFO hearth::tokenizer] [hearth::tokenizer::Tokenizer<'_>::next_word] next_word o"];

[2026-01-23T23:13:43Z INFO hearth::tokenizer] [hearth::tokenizer::Tokenizer<'_>::next_word] next_word let
[2026-01-23T23:13:43Z INFO hearth::tokenizer] [hearth::tokenizer::Tokenizer<'_>::tokenize] tokenizing variable
[2026-01-23T23:13:43Z INFO hearth::tokenizer] [hearth::tokenizer::Tokenizer<'_>::variable_state_machine] src "= [1, 2, 3, \"foo\"];\n        let bar = foo;"
[2026-01-23T23:13:43Z INFO hearth::tokenizer] [hearth::tokenizer::Tokenizer<'_>::variable_state_machine] VarIdent '='
[2026-01-23T23:13:43Z INFO hearth::tokenizer] [hearth::tokenizer::Tokenizer<'_>::variable_state_machine] VarIdent ' '
[2026-01-23T23:13:43Z INFO hearth::tokenizer] [hearth::tokenizer::Tokenizer<'_>::push] adding white space
[2026-01-23T23:13:43Z INFO hearth::tokenizer] [hearth::tokenizer::Tokenizer<'_>::variable_state_machine] VarIdent '['
[2026-01-23T23:13:43Z INFO hearth::tokenizer] [hearth::tokenizer::Tokenizer<'_>::next_word] next_word uct Foo
[2026-01-23T23:13:43Z INFO hearth::tokenizer] [hearth::tokenizer::Tokenizer<'_>::next_word] next_word o =
[2026-01-23T23:13:43Z INFO hearth::tokenizer] [hearth::tokenizer::Tokenizer<'_>::next_word] next_word ct Foo
[2026-01-23T23:13:43Z INFO hearth::tokenizer] [hearth::tokenizer::Tokenizer<'_>::next_word] next_word "bar"
[2026-01-23T23:13:43Z INFO hearth::tokenizer] [hearth::tokenizer::Tokenizer<'_>::next_word] next_word t Foo
[2026-01-23T23:13:43Z INFO hearth::tokenizer] [hearth::tokenizer::Tokenizer<'_>::next_word] next_word bar";
[2026-01-23T23:13:43Z INFO hearth::tokenizer] [hearth::tokenizer::Tokenizer<'_>::next_word] next_word  Foo 
[2026-01-23T23:13:43Z INFO hearth::tokenizer] [hearth::tokenizer::Tokenizer<'_>::next_word] next_word "bar"; le
[2026-01-23T23:13:43Z INFO hearth::tokenizer] [hearth::tokenizer::Tokenizer<'_>::next_word] next_word Foo {
[2026-01-23T23:13:43Z INFO hearth::tokenizer] [hearth::tokenizer::Tokenizer<'_>::next_word] next_word bar"; let
[2026-01-23T23:13:43Z INFO hearth::tokenizer] [hearth::tokenizer::Tokenizer<'_>::next_word] next_word oo {
[2026-01-23T23:13:43Z INFO hearth::tokenizer] [hearth::tokenizer::Tokenizer<'_>::next_word] next_word bar"; let
[2026-01-23T23:13:43Z INFO hearth::tokenizer] [hearth::tokenizer::Tokenizer<'_>::next_word] next_word o {
[2026-01-23T23:13:43Z INFO hearth::tokenizer] [hearth::tokenizer::Tokenizer<'_>::next_word] next_word ar"; let
[2026-01-23T23:13:43Z INFO hearth::tokenizer] [hearth::tokenizer::Tokenizer<'_>::next_word] next_word  bar
[2026-01-23T23:13:43Z INFO hearth::tokenizer] [hearth::tokenizer::Tokenizer<'_>::next_word] next_word r"; let
[2026-01-23T23:13:43Z INFO hearth::tokenizer] [hearth::tokenizer::Tokenizer<'_>::next_word] next_word bar:
[2026-01-23T23:13:43Z INFO hearth::tokenizer] [hearth::tokenizer::Tokenizer<'_>::next_word] next_word let
[2026-01-23T23:13:43Z INFO hearth::tokenizer] [hearth::tokenizer::Tokenizer<'_>::next_word] next_word 
        
[2026-01-23T23:13:43Z INFO hearth::tokenizer] [hearth::tokenizer::Tokenizer<'_>::tokenize] tokenizing variable
[2026-01-23T23:13:43Z INFO hearth::tokenizer] [hearth::tokenizer::Tokenizer<'_>::next_word] next_word         b
[2026-01-23T23:13:43Z INFO hearth::tokenizer] [hearth::tokenizer::Tokenizer<'_>::variable_state_machine] src "o = \"bar\"; let foo = 10;"
[2026-01-23T23:13:43Z INFO hearth::tokenizer] [hearth::tokenizer::Tokenizer<'_>::next_word] next_word        ba
[2026-01-23T23:13:43Z INFO hearth::tokenizer] [hearth::tokenizer::Tokenizer<'_>::variable_state_machine] VarIdent 'o'
[2026-01-23T23:13:43Z INFO hearth::tokenizer] [hearth::tokenizer::Tokenizer<'_>::next_word] next_word       bar
[2026-01-23T23:13:43Z INFO hearth::tokenizer] [hearth::tokenizer::Tokenizer<'_>::variable_state_machine] VarIdent ' '
[2026-01-23T23:13:43Z INFO hearth::tokenizer] [hearth::tokenizer::Tokenizer<'_>::next_word] next_word      bar:
[2026-01-23T23:13:43Z INFO hearth::tokenizer] [hearth::tokenizer::Tokenizer<'_>::push] adding white space
[2026-01-23T23:13:43Z INFO hearth::tokenizer] [hearth::tokenizer::Tokenizer<'_>::next_word] next_word     bar: 
[2026-01-23T23:13:43Z INFO hearth::tokenizer] [hearth::tokenizer::Tokenizer<'_>::variable_state_machine] VarIdent '='
[2026-01-23T23:13:43Z INFO hearth::tokenizer] [hearth::tokenizer::Tokenizer<'_>::next_word] next_word    bar: i
[2026-01-23T23:13:43Z INFO hearth::tokenizer] [hearth::tokenizer::Tokenizer<'_>::variable_state_machine] VarIdent ' '
[2026-01-23T23:13:43Z INFO hearth::tokenizer] [hearth::tokenizer::Tokenizer<'_>::next_word] next_word   bar: i3
[2026-01-23T23:13:43Z INFO hearth::tokenizer] [hearth::tokenizer::Tokenizer<'_>::variable_state_machine] VarIdent '"'
[2026-01-23T23:13:43Z INFO hearth::tokenizer] [hearth::tokenizer::Tokenizer<'_>::next_word] next_word  bar: i32
[2026-01-23T23:13:43Z INFO hearth::tokenizer] [hearth::tokenizer::Tokenizer<'_>::next_word] next_word bar: i32,
[2026-01-23T23:13:43Z INFO hearth::tokenizer] [hearth::tokenizer::Tokenizer<'_>::next_word] next_word ar: i32,
[2026-01-23T23:13:43Z INFO hearth::tokenizer] [hearth::tokenizer::Tokenizer<'_>::next_word] next_word r: i32,
[2026-01-23T23:13:43Z INFO hearth::tokenizer] [hearth::tokenizer::Tokenizer<'_>::next_word] next_word i32,
[2026-01-23T23:13:43Z INFO hearth::tokenizer] [hearth::tokenizer::Tokenizer<'_>::next_word] next_word  i32,
[2026-01-23T23:13:43Z INFO hearth::tokenizer] [hearth::tokenizer::Tokenizer<'_>::next_word] next_word i32,

[2026-01-23T23:13:43Z INFO hearth::tokenizer] [hearth::tokenizer::Tokenizer<'_>::next_word] next_word let
[2026-01-23T23:13:43Z INFO hearth::tokenizer] [hearth::tokenizer::Tokenizer<'_>::tokenize] tokenizing variable
[2026-01-23T23:13:43Z INFO hearth::tokenizer] [hearth::tokenizer::Tokenizer<'_>::variable_state_machine] src "}\n        \n        let bar = Foo {\n            bar = 0,\n        };"
[2026-01-23T23:13:43Z INFO hearth::tokenizer] [hearth::tokenizer::Tokenizer<'_>::variable_state_machine] VarIdent ' '
[2026-01-23T23:13:43Z INFO hearth::tokenizer] [hearth::tokenizer::Tokenizer<'_>::push] adding white space
[2026-01-23T23:13:43Z INFO hearth::tokenizer] [hearth::tokenizer::Tokenizer<'_>::variable_state_machine] VarIdent ' '
[2026-01-23T23:13:43Z INFO hearth::tokenizer] [hearth::tokenizer::Tokenizer<'_>::variable_state_machine] VarIdent ' '
[2026-01-23T23:13:43Z INFO hearth::tokenizer] [hearth::tokenizer::Tokenizer<'_>::variable_state_machine] VarIdent ' '
[2026-01-23T23:13:43Z INFO hearth::tokenizer] [hearth::tokenizer::Tokenizer<'_>::variable_state_machine] VarIdent ' '
[2026-01-23T23:13:43Z INFO hearth::tokenizer] [hearth::tokenizer::Tokenizer<'_>::variable_state_machine] VarIdent '}'
[2026-01-24T05:50:40Z INFO hearth::parser::parser_test] foo
[2026-01-24T05:50:40Z INFO hearth::tokenizer] [hearth::tokenizer::Tokenizer<'_>::tokenize] word: "let"
[2026-01-24T05:50:40Z INFO hearth::tokenizer] [hearth::tokenizer::Tokenizer<'_>::tokenize] word: "foo:"
[2026-01-24T05:50:40Z INFO hearth::tokenizer] [hearth::tokenizer::Tokenizer<'_>::tokenize] word: "[i32]"
[2026-01-24T05:50:40Z INFO hearth::tokenizer] [hearth::tokenizer::Tokenizer<'_>::tokenize] word: "="
[2026-01-24T05:50:40Z INFO hearth::tokenizer] [hearth::tokenizer::Tokenizer<'_>::tokenize] word: "[1,"
[2026-01-24T05:50:40Z INFO hearth::tokenizer] [hearth::tokenizer::Tokenizer<'_>::tokenize] word: "2,"
[2026-01-24T05:50:40Z INFO hearth::tokenizer] [hearth::tokenizer::Tokenizer<'_>::tokenize] word: "3,"
[2026-01-24T05:50:40Z INFO hearth::tokenizer] [hearth::tokenizer::Tokenizer<'_>::tokenize] word: "\"foo\"];"
[2026-01-24T05:50:40Z INFO hearth::tokenizer] [hearth::tokenizer::Tokenizer<'_>::tokenize] word: "   "
[2026-01-24T05:50:40Z INFO hearth::tokenizer] [hearth::tokenizer::Tokenizer<'_>::tokenize] word: "   "
[2026-01-24T05:50:40Z INFO hearth::tokenizer] [hearth::tokenizer::Tokenizer<'_>::tokenize] word: "let"
[2026-01-24T05:50:40Z INFO hearth::tokenizer] [hearth::tokenizer::Tokenizer<'_>::tokenize] word: "bar"
[2026-01-24T05:50:40Z INFO hearth::tokenizer] [hearth::tokenizer::Tokenizer<'_>::tokenize] word: "="
[2026-01-24T05:50:40Z INFO hearth::tokenizer] [hearth::tokenizer::Tokenizer<'_>::tokenize] word: "foo;"
[2026-01-24T05:50:40Z INFO hearth::tokenizer::test] [hearth::tokenizer::test::array] []
[INFO hearth::parser::parser] foo
[INFO hearth::parser::parser] foo
[DEBUG hearth::tokenizer] [Tokenizer<'_>::tokenize] "let foo = \"bar\" ;"
[INFO hearth::tokenizer] [Tokenizer<'_>::next_token] src: "let foo = \"bar\" ;"
[DEBUG hearth::tokenizer] [Tokenizer<'_>::next_token] found ' ': (3, Str("let"))
[INFO hearth::tokenizer] [Tokenizer<'_>::tokenize] word: Str("let") Some(WhiteSpace)
[INFO hearth::tokenizer] [Tokenizer<'_>::push] adding white space
[INFO hearth::tokenizer] [Tokenizer<'_>::next_token] src: "foo = \"bar\" ;"
[DEBUG hearth::tokenizer] [Tokenizer<'_>::next_token] found ' ': (3, Str("foo"))
[INFO hearth::tokenizer] [Tokenizer<'_>::tokenize] word: Str("foo") Some(WhiteSpace)
[INFO hearth::tokenizer] [Tokenizer<'_>::push] adding white space
[INFO hearth::tokenizer] [Tokenizer<'_>::next_token] src: "= \"bar\" ;"
[INFO hearth::tokenizer] [Tokenizer<'_>::tokenize] word: Equal None
[INFO hearth::tokenizer] [Tokenizer<'_>::next_token] src: " \"bar\" ;"
[INFO hearth::tokenizer] [Tokenizer<'_>::push] adding white space
[INFO hearth::tokenizer] [Tokenizer<'_>::tokenize] word: WhiteSpace None
[INFO hearth::tokenizer] [Tokenizer<'_>::next_token] src: "\"bar\" ;"
[INFO hearth::tokenizer] [Tokenizer<'_>::tokenize] word: QuotedString("bar") None
[INFO hearth::tokenizer] [Tokenizer<'_>::next_token] src: " ;"
[INFO hearth::tokenizer] [Tokenizer<'_>::push] adding white space
[INFO hearth::tokenizer] [Tokenizer<'_>::tokenize] word: WhiteSpace None
[INFO hearth::tokenizer] [Tokenizer<'_>::next_token] src: ";"
[INFO hearth::tokenizer] [Tokenizer<'_>::tokenize] word: Semicolon None
[INFO hearth::parser] [Parser<'_>::parse] Tokenizer { data: "let foo = \"bar\" ;", tokens: [Let, WhiteSpace, Str("foo"), WhiteSpace, Equal, WhiteSpace, QuotedString("bar"), WhiteSpace, Semicolon] }
[DEBUG hearth::tokenizer] [Tokenizer<'_>::tokenize] "let foo = \"bar\" ;"
[INFO hearth::tokenizer] [Tokenizer<'_>::next_token] src: "let foo = \"bar\" ;"
[DEBUG hearth::tokenizer] [Tokenizer<'_>::next_token] found ' ': (3, Str("let"))
[INFO hearth::tokenizer] [Tokenizer<'_>::tokenize] word: Str("let") Some(WhiteSpace)
[INFO hearth::tokenizer] [Tokenizer<'_>::push] adding white space
[INFO hearth::tokenizer] [Tokenizer<'_>::next_token] src: "foo = \"bar\" ;"
[DEBUG hearth::tokenizer] [Tokenizer<'_>::next_token] found ' ': (3, Str("foo"))
[INFO hearth::tokenizer] [Tokenizer<'_>::tokenize] word: Str("foo") Some(WhiteSpace)
[INFO hearth::tokenizer] [Tokenizer<'_>::push] adding white space
[INFO hearth::tokenizer] [Tokenizer<'_>::next_token] src: "= \"bar\" ;"
[INFO hearth::tokenizer] [Tokenizer<'_>::tokenize] word: Equal None
[INFO hearth::tokenizer] [Tokenizer<'_>::next_token] src: " \"bar\" ;"
[INFO hearth::tokenizer] [Tokenizer<'_>::push] adding white space
[INFO hearth::tokenizer] [Tokenizer<'_>::tokenize] word: WhiteSpace None
[INFO hearth::tokenizer] [Tokenizer<'_>::next_token] src: "\"bar\" ;"
[INFO hearth::tokenizer] [Tokenizer<'_>::tokenize] word: QuotedString("bar") None
[INFO hearth::tokenizer] [Tokenizer<'_>::next_token] src: " ;"
[INFO hearth::tokenizer] [Tokenizer<'_>::push] adding white space
[INFO hearth::tokenizer] [Tokenizer<'_>::tokenize] word: WhiteSpace None
[INFO hearth::tokenizer] [Tokenizer<'_>::next_token] src: ";"
[INFO hearth::tokenizer] [Tokenizer<'_>::tokenize] word: Semicolon None
[INFO hearth::parser] [Parser<'_>::parse] Tokenizer { data: "let foo = \"bar\" ;", tokens: [Let, WhiteSpace, Str("foo"), WhiteSpace, Equal, WhiteSpace, QuotedString("bar"), WhiteSpace, Semicolon] }
[DEBUG hearth::tokenizer] [Tokenizer<'_>::tokenize] "let foo = \"bar\" ;"
[INFO hearth::tokenizer] [Tokenizer<'_>::next_token] src: "let foo = \"bar\" ;"
[DEBUG hearth::tokenizer] [Tokenizer<'_>::next_token] found ' ': (3, Str("let"))
[INFO hearth::tokenizer] [Tokenizer<'_>::tokenize] word: Str("let") Some(WhiteSpace)
[INFO hearth::tokenizer] [Tokenizer<'_>::push] adding white space
[INFO hearth::tokenizer] [Tokenizer<'_>::next_token] src: "foo = \"bar\" ;"
[DEBUG hearth::tokenizer] [Tokenizer<'_>::next_token] found ' ': (3, Str("foo"))
[INFO hearth::tokenizer] [Tokenizer<'_>::tokenize] word: Str("foo") Some(WhiteSpace)
[INFO hearth::tokenizer] [Tokenizer<'_>::push] adding white space
[INFO hearth::tokenizer] [Tokenizer<'_>::next_token] src: "= \"bar\" ;"
[INFO hearth::tokenizer] [Tokenizer<'_>::tokenize] word: Equal None
[INFO hearth::tokenizer] [Tokenizer<'_>::next_token] src: " \"bar\" ;"
[INFO hearth::tokenizer] [Tokenizer<'_>::push] adding white space
[INFO hearth::tokenizer] [Tokenizer<'_>::tokenize] word: WhiteSpace None
[INFO hearth::tokenizer] [Tokenizer<'_>::next_token] src: "\"bar\" ;"
[INFO hearth::tokenizer] [Tokenizer<'_>::tokenize] word: QuotedString("bar") None
[INFO hearth::tokenizer] [Tokenizer<'_>::next_token] src: " ;"
[INFO hearth::tokenizer] [Tokenizer<'_>::push] adding white space
[INFO hearth::tokenizer] [Tokenizer<'_>::tokenize] word: WhiteSpace None
[INFO hearth::tokenizer] [Tokenizer<'_>::next_token] src: ";"
[INFO hearth::tokenizer] [Tokenizer<'_>::tokenize] word: Semicolon None
[INFO hearth::parser] [Parser<'_>::parse] Tokenizer { data: "let foo = \"bar\" ;", tokens: [Let, WhiteSpace, Str("foo"), WhiteSpace, Equal, WhiteSpace, QuotedString("bar"), WhiteSpace, Semicolon] }
[INFO hearth::parser::parser] [Variable(("foo", QuotedString("bar")))]
[DEBUG hearth::tokenizer] [Tokenizer<'_>::tokenize] "let foo = \"bar\" ;"
[INFO hearth::tokenizer] [Tokenizer<'_>::next_token] src: "let foo = \"bar\" ;"
[DEBUG hearth::tokenizer] [Tokenizer<'_>::next_token] found ' ': (3, Str("let"))
[INFO hearth::tokenizer] [Tokenizer<'_>::tokenize] word: Str("let") Some(WhiteSpace)
[INFO hearth::tokenizer] [Tokenizer<'_>::push] adding white space
[INFO hearth::tokenizer] [Tokenizer<'_>::next_token] src: "foo = \"bar\" ;"
[DEBUG hearth::tokenizer] [Tokenizer<'_>::next_token] found ' ': (3, Str("foo"))
[INFO hearth::tokenizer] [Tokenizer<'_>::tokenize] word: Str("foo") Some(WhiteSpace)
[INFO hearth::tokenizer] [Tokenizer<'_>::push] adding white space
[INFO hearth::tokenizer] [Tokenizer<'_>::next_token] src: "= \"bar\" ;"
[INFO hearth::tokenizer] [Tokenizer<'_>::tokenize] word: Equal None
[INFO hearth::tokenizer] [Tokenizer<'_>::next_token] src: " \"bar\" ;"
[INFO hearth::tokenizer] [Tokenizer<'_>::push] adding white space
[INFO hearth::tokenizer] [Tokenizer<'_>::tokenize] word: WhiteSpace None
[INFO hearth::tokenizer] [Tokenizer<'_>::next_token] src: "\"bar\" ;"
[INFO hearth::tokenizer] [Tokenizer<'_>::tokenize] word: QuotedString("bar") None
[INFO hearth::tokenizer] [Tokenizer<'_>::next_token] src: " ;"
[INFO hearth::tokenizer] [Tokenizer<'_>::push] adding white space
[INFO hearth::tokenizer] [Tokenizer<'_>::tokenize] word: WhiteSpace None
[INFO hearth::tokenizer] [Tokenizer<'_>::next_token] src: ";"
[INFO hearth::tokenizer] [Tokenizer<'_>::tokenize] word: Semicolon None
[INFO hearth::parser] [Parser<'_>::parse] Tokenizer { data: "let foo = \"bar\" ;", tokens: [Let, WhiteSpace, Str("foo"), WhiteSpace, Equal, WhiteSpace, QuotedString("bar"), WhiteSpace, Semicolon] }
[INFO hearth::parser::test] [Variable(("foo", QuotedString("bar")))]
[DEBUG hearth::tokenizer] [Tokenizer<'_>::tokenize] "let foo = \"bar\" "
[INFO hearth::tokenizer] [Tokenizer<'_>::next_token] src: "let foo = \"bar\" "
[DEBUG hearth::tokenizer] [Tokenizer<'_>::next_token] found ' ': (3, Str("let"))
[INFO hearth::tokenizer] [Tokenizer<'_>::tokenize] word: Str("let") Some(WhiteSpace)
[INFO hearth::tokenizer] [Tokenizer<'_>::push] adding white space
[INFO hearth::tokenizer] [Tokenizer<'_>::next_token] src: "foo = \"bar\" "
[DEBUG hearth::tokenizer] [Tokenizer<'_>::next_token] found ' ': (3, Str("foo"))
[INFO hearth::tokenizer] [Tokenizer<'_>::tokenize] word: Str("foo") Some(WhiteSpace)
[INFO hearth::tokenizer] [Tokenizer<'_>::push] adding white space
[INFO hearth::tokenizer] [Tokenizer<'_>::next_token] src: "= \"bar\" "
[INFO hearth::tokenizer] [Tokenizer<'_>::tokenize] word: Equal None
[INFO hearth::tokenizer] [Tokenizer<'_>::next_token] src: " \"bar\" "
[INFO hearth::tokenizer] [Tokenizer<'_>::push] adding white space
[INFO hearth::tokenizer] [Tokenizer<'_>::tokenize] word: WhiteSpace None
[INFO hearth::tokenizer] [Tokenizer<'_>::next_token] src: "\"bar\" "
[INFO hearth::tokenizer] [Tokenizer<'_>::tokenize] word: QuotedString("bar") None
[INFO hearth::tokenizer] [Tokenizer<'_>::next_token] src: " "
[INFO hearth::tokenizer] [Tokenizer<'_>::push] adding white space
[INFO hearth::tokenizer] [Tokenizer<'_>::tokenize] word: WhiteSpace None
[INFO hearth::parser] [Parser<'_>::parse] Tokenizer { data: "let foo = \"bar\" ", tokens: [Let, WhiteSpace, Str("foo"), WhiteSpace, Equal, WhiteSpace, QuotedString("bar"), WhiteSpace] }
[INFO hearth::parser] [Parser<'_>::parse_var] Some("foo") Some(QuotedString("bar"))
[INFO hearth::parser::test] [Variable(("foo", QuotedString("bar")))]
[DEBUG hearth::tokenizer] [Tokenizer<'_>::tokenize] "let foo = \"bar\" "
[INFO hearth::tokenizer] [Tokenizer<'_>::next_token] src: "let foo = \"bar\" "
[DEBUG hearth::tokenizer] [Tokenizer<'_>::next_token] found ' ': (3, Str("let"))
[INFO hearth::tokenizer] [Tokenizer<'_>::tokenize] word: Str("let") Some(WhiteSpace)
[INFO hearth::tokenizer] [Tokenizer<'_>::push] adding white space
[INFO hearth::tokenizer] [Tokenizer<'_>::next_token] src: "foo = \"bar\" "
[DEBUG hearth::tokenizer] [Tokenizer<'_>::next_token] found ' ': (3, Str("foo"))
[INFO hearth::tokenizer] [Tokenizer<'_>::tokenize] word: Str("foo") Some(WhiteSpace)
[INFO hearth::tokenizer] [Tokenizer<'_>::push] adding white space
[INFO hearth::tokenizer] [Tokenizer<'_>::next_token] src: "= \"bar\" "
[INFO hearth::tokenizer] [Tokenizer<'_>::tokenize] word: Equal None
[INFO hearth::tokenizer] [Tokenizer<'_>::next_token] src: " \"bar\" "
[INFO hearth::tokenizer] [Tokenizer<'_>::push] adding white space
[INFO hearth::tokenizer] [Tokenizer<'_>::tokenize] word: WhiteSpace None
[INFO hearth::tokenizer] [Tokenizer<'_>::next_token] src: "\"bar\" "
[INFO hearth::tokenizer] [Tokenizer<'_>::tokenize] word: QuotedString("bar") None
[INFO hearth::tokenizer] [Tokenizer<'_>::next_token] src: " "
[INFO hearth::tokenizer] [Tokenizer<'_>::push] adding white space
[INFO hearth::tokenizer] [Tokenizer<'_>::tokenize] word: WhiteSpace None
[INFO hearth::parser] [Parser<'_>::parse] Tokenizer { data: "let foo = \"bar\" ", tokens: [Let, WhiteSpace, Str("foo"), WhiteSpace, Equal, WhiteSpace, QuotedString("bar"), WhiteSpace] }
[INFO hearth::parser] [Parser<'_>::parse_var] Some("foo") Some(QuotedString("bar"))
[DEBUG hearth::tokenizer] [Tokenizer<'_>::tokenize] "let foo = \"bar\" "
[INFO hearth::tokenizer] [Tokenizer<'_>::next_token] src: "let foo = \"bar\" "
[DEBUG hearth::tokenizer] [Tokenizer<'_>::next_token] found ' ': (3, Str("let"))
[INFO hearth::tokenizer] [Tokenizer<'_>::tokenize] word: Str("let") Some(WhiteSpace)
[INFO hearth::tokenizer] [Tokenizer<'_>::push] adding white space
[INFO hearth::tokenizer] [Tokenizer<'_>::next_token] src: "foo = \"bar\" "
[DEBUG hearth::tokenizer] [Tokenizer<'_>::next_token] found ' ': (3, Str("foo"))
[INFO hearth::tokenizer] [Tokenizer<'_>::tokenize] word: Str("foo") Some(WhiteSpace)
[INFO hearth::tokenizer] [Tokenizer<'_>::push] adding white space
[INFO hearth::tokenizer] [Tokenizer<'_>::next_token] src: "= \"bar\" "
[INFO hearth::tokenizer] [Tokenizer<'_>::tokenize] word: Equal None
[INFO hearth::tokenizer] [Tokenizer<'_>::next_token] src: " \"bar\" "
[INFO hearth::tokenizer] [Tokenizer<'_>::push] adding white space
[INFO hearth::tokenizer] [Tokenizer<'_>::tokenize] word: WhiteSpace None
[INFO hearth::tokenizer] [Tokenizer<'_>::next_token] src: "\"bar\" "
[INFO hearth::tokenizer] [Tokenizer<'_>::tokenize] word: QuotedString("bar") None
[INFO hearth::tokenizer] [Tokenizer<'_>::next_token] src: " "
[INFO hearth::tokenizer] [Tokenizer<'_>::push] adding white space
[INFO hearth::tokenizer] [Tokenizer<'_>::tokenize] word: WhiteSpace None
[INFO hearth::parser] [Parser<'_>::parse] Tokenizer { data: "let foo = \"bar\" ", tokens: [Let, WhiteSpace, Str("foo"), WhiteSpace, Equal, WhiteSpace, QuotedString("bar"), WhiteSpace] }
[INFO hearth::parser] [Parser<'_>::parse_var] Some("foo") Some(QuotedString("bar"))
[DEBUG hearth::tokenizer] [Tokenizer<'_>::tokenize] "let foo = \"bar\" ;"
[INFO hearth::tokenizer] [Tokenizer<'_>::next_token] src: "let foo = \"bar\" ;"
[DEBUG hearth::tokenizer] [Tokenizer<'_>::next_token] found ' ': (3, Str("let"))
[INFO hearth::tokenizer] [Tokenizer<'_>::tokenize] word: Str("let") Some(WhiteSpace)
[INFO hearth::tokenizer] [Tokenizer<'_>::push] adding white space
[INFO hearth::tokenizer] [Tokenizer<'_>::next_token] src: "foo = \"bar\" ;"
[DEBUG hearth::tokenizer] [Tokenizer<'_>::next_token] found ' ': (3, Str("foo"))
[INFO hearth::tokenizer] [Tokenizer<'_>::tokenize] word: Str("foo") Some(WhiteSpace)
[INFO hearth::tokenizer] [Tokenizer<'_>::push] adding white space
[INFO hearth::tokenizer] [Tokenizer<'_>::next_token] src: "= \"bar\" ;"
[INFO hearth::tokenizer] [Tokenizer<'_>::tokenize] word: Equal None
[INFO hearth::tokenizer] [Tokenizer<'_>::next_token] src: " \"bar\" ;"
[INFO hearth::tokenizer] [Tokenizer<'_>::push] adding white space
[INFO hearth::tokenizer] [Tokenizer<'_>::tokenize] word: WhiteSpace None
[INFO hearth::tokenizer] [Tokenizer<'_>::next_token] src: "\"bar\" ;"
[INFO hearth::tokenizer] [Tokenizer<'_>::tokenize] word: QuotedString("bar") None
[INFO hearth::tokenizer] [Tokenizer<'_>::next_token] src: " ;"
[INFO hearth::tokenizer] [Tokenizer<'_>::push] adding white space
[INFO hearth::tokenizer] [Tokenizer<'_>::tokenize] word: WhiteSpace None
[INFO hearth::tokenizer] [Tokenizer<'_>::next_token] src: ";"
[INFO hearth::tokenizer] [Tokenizer<'_>::tokenize] word: Semicolon None
[INFO hearth::parser] [Parser<'_>::parse] Tokenizer { data: "let foo = \"bar\" ;", tokens: [Let, WhiteSpace, Str("foo"), WhiteSpace, Equal, WhiteSpace, QuotedString("bar"), WhiteSpace, Semicolon] }
[INFO hearth::parser::test] [Variable(("foo", QuotedString("bar")))]
